2025-10-27 03:14:22,480 [INFO] Oxidizer refueling valve opened.
2025-10-27 03:14:22,481 [INFO] Start tanking...
2025-10-27 03:14:24,012 [INFO] Pobieram poziom utleniacza z sensora 100.0
2025-10-27 03:14:24,523 [INFO] Stop tanking
2025-10-27 03:14:24,525 [INFO] Oxidizer refueling valve closed.
2025-10-27 03:15:43,688 [INFO] Oxidizer refueling valve opened.
2025-10-27 03:15:43,691 [INFO] Start tanking...
2025-10-27 03:15:45,220 [INFO] Pobieram poziom utleniacza z sensora 100.0
2025-10-27 03:15:45,732 [INFO] Stop tanking
2025-10-27 03:15:45,734 [INFO] Oxidizer refueling valve closed.
2025-10-27 03:17:51,781 [INFO] Oxidizer refueling valve opened.
2025-10-27 03:17:51,782 [INFO] Start tanking...
2025-10-27 03:17:53,321 [INFO] Pobieram poziom utleniacza z sensora 100.0
2025-10-27 03:17:53,832 [INFO] Stop tanking
2025-10-27 03:17:53,834 [INFO] Oxidizer refueling valve closed.
2025-10-27 03:24:07,549 [INFO] Oxidizer refueling valve opened.
2025-10-27 03:24:07,549 [INFO] Start tanking...
2025-10-27 03:24:09,093 [INFO] Pobieram poziom utleniacza z sensora 100.0
2025-10-27 03:24:09,593 [INFO] Stop tanking
2025-10-27 03:24:09,594 [INFO] Oxidizer refueling valve closed.
2025-10-27 03:26:12,430 [INFO] Oxidizer refueling valve opened.
2025-10-27 03:26:12,431 [INFO] Start tanking...
2025-10-27 03:26:13,953 [INFO] Pobieram poziom utleniacza z sensora 100.0
2025-10-27 03:26:14,465 [INFO] Stop tanking
2025-10-27 03:26:14,467 [INFO] Oxidizer refueling valve closed.
2025-10-27 03:29:16,819 [INFO] Oxidizer refueling valve opened.
2025-10-27 03:29:16,821 [INFO] Start tanking...
2025-10-27 03:29:18,357 [INFO] Pobieram poziom utleniacza z sensora 100.0
2025-10-27 03:29:18,863 [INFO] Stop tanking
2025-10-27 03:29:18,864 [INFO] Oxidizer refueling valve closed.
2025-10-27 03:29:18,872 [INFO] Pobieram poziom utleniacza z sensora 100.0
2025-10-27 03:29:18,888 [INFO] Pobieram poziom utleniacza z sensora 100.0
2025-10-27 03:29:19,887 [INFO] Pobieram poziom utleniacza z sensora 100.0
2025-10-27 03:29:20,887 [INFO] Pobieram poziom utleniacza z sensora 100.0
2025-10-27 03:29:21,887 [INFO] Pobieram poziom utleniacza z sensora 100.0
2025-10-27 03:29:22,887 [INFO] Pobieram poziom utleniacza z sensora 100.0
2025-10-27 03:29:23,887 [INFO] Pobieram poziom utleniacza z sensora 100.0
2025-10-27 03:29:24,888 [INFO] Pobieram poziom utleniacza z sensora 100.0
2025-10-27 03:29:25,887 [INFO] Pobieram poziom utleniacza z sensora 100.0
2025-10-27 03:29:26,888 [INFO] Pobieram poziom utleniacza z sensora 100.0
2025-10-27 03:29:27,887 [INFO] Pobieram poziom utleniacza z sensora 100.0
2025-10-27 03:29:54,999 [INFO] Oxidizer refueling valve opened.
2025-10-27 03:29:54,999 [INFO] Start tanking...
2025-10-27 03:29:56,524 [INFO] Pobieram poziom utleniacza z sensora 100.0
2025-10-27 03:29:57,035 [INFO] Stop tanking
2025-10-27 03:29:57,037 [INFO] Oxidizer refueling valve closed.
2025-10-27 03:30:11,356 [INFO] Oxidizer refueling valve opened.
2025-10-27 03:30:11,357 [INFO] Start tanking...
2025-10-27 03:30:12,885 [INFO] Pobieram poziom utleniacza z sensora 100.0
2025-10-27 03:30:13,392 [INFO] Stop tanking
2025-10-27 03:30:13,395 [INFO] Oxidizer refueling valve closed.
2025-10-27 03:31:10,427 [INFO] Oxidizer refueling valve opened.
2025-10-27 03:31:10,428 [INFO] Start tanking...
2025-10-27 03:31:11,970 [INFO] Pobieram poziom utleniacza z sensora 100.0
2025-10-27 03:31:12,485 [INFO] Stop tanking
2025-10-27 03:31:12,486 [INFO] Oxidizer refueling valve closed.
2025-10-27 03:31:32,524 [INFO] Oxidizer refueling valve opened.
2025-10-27 03:31:32,525 [INFO] Start tanking...
2025-10-27 03:31:34,057 [INFO] Pobieram poziom utleniacza z sensora 100.0
2025-10-27 03:31:34,570 [INFO] Stop tanking
2025-10-27 03:31:34,572 [INFO] Oxidizer refueling valve closed.
2025-10-27 03:31:34,582 [INFO] Pobieram poziom utleniacza z sensora 100.0
2025-10-27 03:31:34,889 [INFO] Pobieram poziom utleniacza z sensora 100.0
2025-10-27 03:31:35,888 [INFO] Pobieram poziom utleniacza z sensora 100.0
2025-10-27 03:31:36,889 [INFO] Pobieram poziom utleniacza z sensora 100.0
2025-10-27 03:31:37,890 [INFO] Pobieram poziom utleniacza z sensora 100.0
2025-10-27 03:31:38,889 [INFO] Pobieram poziom utleniacza z sensora 100.0
2025-10-27 03:31:39,892 [INFO] Pobieram poziom utleniacza z sensora 100.0
2025-10-27 03:31:40,889 [INFO] Pobieram poziom utleniacza z sensora 100.0
2025-10-27 03:31:41,889 [INFO] Pobieram poziom utleniacza z sensora 100.0
2025-10-27 03:31:42,889 [INFO] Pobieram poziom utleniacza z sensora 100.0
2025-10-27 03:31:43,891 [INFO] Pobieram poziom utleniacza z sensora 100.0
2025-10-27 03:31:44,889 [INFO] Pobieram poziom utleniacza z sensora 100.0
2025-10-27 03:31:45,892 [INFO] Pobieram poziom utleniacza z sensora 100.0
2025-10-27 03:31:46,890 [INFO] Pobieram poziom utleniacza z sensora 100.0
2025-10-27 03:31:47,890 [INFO] Pobieram poziom utleniacza z sensora 100.0
2025-10-27 03:31:48,889 [INFO] Pobieram poziom utleniacza z sensora 100.0
2025-10-27 03:31:49,890 [INFO] Pobieram poziom utleniacza z sensora 100.0
2025-10-27 03:31:50,889 [INFO] Pobieram poziom utleniacza z sensora 100.0
2025-10-27 03:31:51,888 [INFO] Pobieram poziom utleniacza z sensora 100.0
2025-10-27 03:31:52,890 [INFO] Pobieram poziom utleniacza z sensora 100.0
2025-10-27 03:31:53,888 [INFO] Pobieram poziom utleniacza z sensora 100.0
2025-10-27 03:31:54,889 [INFO] Pobieram poziom utleniacza z sensora 100.0
2025-10-27 03:31:55,890 [INFO] Pobieram poziom utleniacza z sensora 100.0
2025-10-27 03:34:45,277 [INFO] Oxidizer refueling valve opened.
2025-10-27 03:34:45,278 [INFO] Start tanking...
2025-10-27 03:34:46,798 [INFO] Pe³ny poziom utleniacza.
2025-10-27 03:34:47,306 [INFO] Stop tanking
2025-10-27 03:34:47,307 [INFO] Oxidizer refueling valve closed.
2025-10-27 03:36:02,338 [INFO] Oxidizer refueling valve opened.
2025-10-27 03:36:02,339 [INFO] Start tanking...
2025-10-27 03:36:04,391 [INFO] Stop tanking
2025-10-27 03:36:04,393 [INFO] Oxidizer refueling valve closed.
2025-10-27 03:36:08,406 [INFO] Oxidizer refueling valve opened.
2025-10-27 03:36:08,406 [INFO] Start tanking...
2025-10-27 03:36:09,933 [INFO] Pobieram poziom utleniacza z sensora 100.0
2025-10-27 03:36:10,444 [INFO] Stop tanking
2025-10-27 03:36:10,446 [INFO] Oxidizer refueling valve closed.
2025-10-27 03:36:34,446 [INFO] Oxidizer refueling valve opened.
2025-10-27 03:36:34,447 [INFO] Start tanking...
2025-10-27 03:36:35,978 [INFO] Pobieram poziom utleniacza z sensora 100.0
2025-10-27 03:36:36,491 [INFO] Stop tanking
2025-10-27 03:36:36,493 [INFO] Oxidizer refueling valve closed.
2025-10-27 03:36:36,501 [INFO] Pobieram poziom utleniacza z sensora 100.0
2025-10-27 03:36:36,895 [INFO] Pobieram poziom utleniacza z sensora 100.0
2025-10-27 03:36:37,893 [INFO] Pobieram poziom utleniacza z sensora 100.0
2025-10-27 03:36:38,894 [INFO] Pobieram poziom utleniacza z sensora 100.0
2025-10-27 03:36:39,895 [INFO] Pobieram poziom utleniacza z sensora 100.0
2025-10-27 03:36:40,894 [INFO] Pobieram poziom utleniacza z sensora 100.0
2025-10-27 03:36:41,894 [INFO] Pobieram poziom utleniacza z sensora 100.0
2025-10-27 03:36:42,895 [INFO] Pobieram poziom utleniacza z sensora 100.0
2025-10-27 03:36:43,894 [INFO] Pobieram poziom utleniacza z sensora 100.0
2025-10-27 03:36:44,895 [INFO] Pobieram poziom utleniacza z sensora 100.0
2025-10-27 03:36:45,895 [INFO] Pobieram poziom utleniacza z sensora 100.0
2025-10-27 03:36:46,895 [INFO] Pobieram poziom utleniacza z sensora 100.0
2025-10-27 03:36:47,894 [INFO] Pobieram poziom utleniacza z sensora 100.0
2025-10-27 03:36:48,894 [INFO] Pobieram poziom utleniacza z sensora 100.0
2025-10-27 03:36:49,895 [INFO] Pobieram poziom utleniacza z sensora 100.0
2025-10-27 03:36:50,895 [INFO] Pobieram poziom utleniacza z sensora 100.0
2025-10-27 03:36:51,895 [INFO] Pobieram poziom utleniacza z sensora 100.0
2025-10-27 03:36:52,898 [INFO] Pobieram poziom utleniacza z sensora 100.0
2025-10-27 03:36:53,893 [INFO] Pobieram poziom utleniacza z sensora 100.0
2025-10-27 03:36:54,895 [INFO] Pobieram poziom utleniacza z sensora 100.0
2025-10-27 03:36:55,894 [INFO] Pobieram poziom utleniacza z sensora 100.0
2025-10-27 03:36:56,893 [INFO] Pobieram poziom utleniacza z sensora 100.0
2025-10-27 03:36:57,894 [INFO] Pobieram poziom utleniacza z sensora 100.0
2025-10-27 03:36:58,894 [INFO] Pobieram poziom utleniacza z sensora 100.0
2025-10-27 03:36:59,895 [INFO] Pobieram poziom utleniacza z sensora 100.0
2025-10-27 03:37:02,054 [INFO] Oxidizer refueling valve opened.
2025-10-27 03:37:02,055 [INFO] Start tanking...
2025-10-27 03:37:03,572 [INFO] Pobieram poziom utleniacza z sensora 100.0
2025-10-27 03:37:04,078 [INFO] Stop tanking
2025-10-27 03:37:04,080 [INFO] Oxidizer refueling valve closed.
2025-10-27 03:37:04,088 [INFO] Pobieram poziom utleniacza z sensora 100.0
2025-10-27 03:37:04,894 [INFO] Pobieram poziom utleniacza z sensora 100.0
2025-10-27 03:37:05,894 [INFO] Pobieram poziom utleniacza z sensora 100.0
2025-10-27 03:37:06,894 [INFO] Pobieram poziom utleniacza z sensora 100.0
2025-10-27 03:37:07,901 [INFO] Pobieram poziom utleniacza z sensora 100.0
2025-10-27 03:37:08,896 [INFO] Pobieram poziom utleniacza z sensora 100.0
2025-10-27 03:37:09,894 [INFO] Pobieram poziom utleniacza z sensora 100.0
2025-10-27 03:37:10,895 [INFO] Pobieram poziom utleniacza z sensora 100.0
2025-10-27 03:37:11,894 [INFO] Pobieram poziom utleniacza z sensora 100.0
2025-10-27 03:37:12,894 [INFO] Pobieram poziom utleniacza z sensora 100.0
2025-10-27 03:37:13,895 [INFO] Pobieram poziom utleniacza z sensora 100.0
2025-10-27 03:37:14,894 [INFO] Pobieram poziom utleniacza z sensora 100.0
2025-10-27 03:37:22,747 [INFO] Oxidizer refueling valve opened.
2025-10-27 03:37:22,748 [INFO] Start tanking...
2025-10-27 03:37:24,294 [INFO] Pobieram poziom utleniacza z sensora 100.0
2025-10-27 03:37:24,800 [INFO] Stop tanking
2025-10-27 03:37:24,802 [INFO] Oxidizer refueling valve closed.
2025-10-27 03:37:24,811 [INFO] Pobieram poziom utleniacza z sensora 100.0
2025-10-27 03:37:24,895 [INFO] Pobieram poziom utleniacza z sensora 100.0
2025-10-27 03:37:25,894 [INFO] Pobieram poziom utleniacza z sensora 100.0
2025-10-27 03:37:26,895 [INFO] Pobieram poziom utleniacza z sensora 100.0
2025-10-27 03:37:27,894 [INFO] Pobieram poziom utleniacza z sensora 100.0
2025-10-27 03:37:28,895 [INFO] Pobieram poziom utleniacza z sensora 100.0
2025-10-27 03:37:29,895 [INFO] Pobieram poziom utleniacza z sensora 100.0
2025-10-27 03:37:30,897 [INFO] Pobieram poziom utleniacza z sensora 100.0
2025-10-27 03:39:29,114 [INFO] Oxidizer refueling valve opened.
2025-10-27 03:39:29,116 [INFO] Start tanking...
2025-10-27 03:39:30,649 [INFO] Pobieram poziom utleniacza z sensora 100.0
2025-10-27 03:39:31,164 [INFO] Stop tanking
2025-10-27 03:39:31,166 [INFO] Oxidizer refueling valve closed.
2025-10-27 03:39:31,180 [INFO] Pobieram poziom utleniacza z sensora 100.0
2025-10-27 03:39:31,897 [INFO] Pobieram poziom utleniacza z sensora 100.0
2025-10-27 03:39:32,896 [INFO] Pobieram poziom utleniacza z sensora 100.0
2025-10-27 03:39:33,900 [INFO] Pobieram poziom utleniacza z sensora 100.0
2025-10-27 03:39:34,896 [INFO] Pobieram poziom utleniacza z sensora 100.0
2025-10-27 03:39:35,895 [INFO] Pobieram poziom utleniacza z sensora 100.0
2025-10-27 03:39:36,897 [INFO] Pobieram poziom utleniacza z sensora 100.0
2025-10-27 03:39:37,894 [INFO] Pobieram poziom utleniacza z sensora 100.0
2025-10-27 03:39:38,895 [INFO] Pobieram poziom utleniacza z sensora 100.0
2025-10-27 03:39:39,896 [INFO] Pobieram poziom utleniacza z sensora 100.0
2025-10-27 03:39:40,896 [INFO] Pobieram poziom utleniacza z sensora 100.0
2025-10-27 03:39:41,895 [INFO] Pobieram poziom utleniacza z sensora 100.0
2025-10-27 03:39:42,894 [INFO] Pobieram poziom utleniacza z sensora 100.0
2025-10-27 03:39:43,897 [INFO] Pobieram poziom utleniacza z sensora 100.0
2025-10-27 03:39:44,895 [INFO] Pobieram poziom utleniacza z sensora 100.0
2025-10-27 03:39:45,895 [INFO] Pobieram poziom utleniacza z sensora 100.0
2025-10-27 03:39:46,895 [INFO] Pobieram poziom utleniacza z sensora 100.0
2025-10-27 03:39:47,895 [INFO] Pobieram poziom utleniacza z sensora 100.0
2025-10-27 03:39:48,904 [INFO] Pobieram poziom utleniacza z sensora 100.0
2025-10-27 03:39:49,896 [INFO] Pobieram poziom utleniacza z sensora 100.0
2025-10-27 03:39:50,895 [INFO] Pobieram poziom utleniacza z sensora 100.0
2025-10-27 03:39:51,895 [INFO] Pobieram poziom utleniacza z sensora 100.0
2025-10-27 03:39:52,895 [INFO] Pobieram poziom utleniacza z sensora 100.0
2025-10-27 03:40:20,832 [INFO] Oxidizer refueling valve opened.
2025-10-27 03:40:20,832 [INFO] Start tanking...
2025-10-27 03:40:22,372 [INFO] Pobieram poziom utleniacza z sensora 100.0
2025-10-27 03:40:22,885 [INFO] Stop tanking
2025-10-27 03:40:22,886 [INFO] Oxidizer refueling valve closed.
2025-10-27 03:40:22,895 [INFO] Pobieram poziom utleniacza z sensora 100.0
2025-10-27 03:40:22,906 [INFO] Pobieram poziom utleniacza z sensora 100.0
2025-10-27 03:40:23,895 [INFO] Pobieram poziom utleniacza z sensora 100.0
2025-10-27 03:40:24,895 [INFO] Pobieram poziom utleniacza z sensora 100.0
2025-10-27 03:40:25,896 [INFO] Pobieram poziom utleniacza z sensora 100.0
2025-10-27 03:40:26,899 [INFO] Pobieram poziom utleniacza z sensora 100.0
2025-10-27 03:40:36,611 [INFO] Oxidizer refueling valve opened.
2025-10-27 03:40:36,612 [INFO] Start tanking...
2025-10-27 03:40:38,154 [INFO] Pobieram poziom utleniacza z sensora 100.0
2025-10-27 03:40:38,665 [INFO] Stop tanking
2025-10-27 03:40:38,667 [INFO] Oxidizer refueling valve closed.
2025-10-27 03:40:38,681 [INFO] Pobieram poziom utleniacza z sensora 100.0
2025-10-27 03:40:38,897 [INFO] Pobieram poziom utleniacza z sensora 100.0
2025-10-27 03:40:39,894 [INFO] Pobieram poziom utleniacza z sensora 100.0
2025-10-27 03:40:40,895 [INFO] Pobieram poziom utleniacza z sensora 100.0
2025-10-27 03:40:41,895 [INFO] Pobieram poziom utleniacza z sensora 100.0
2025-10-27 03:40:42,893 [INFO] Pobieram poziom utleniacza z sensora 100.0
2025-10-27 03:40:43,898 [INFO] Pobieram poziom utleniacza z sensora 100.0
2025-10-27 03:42:45,077 [INFO] Oxidizer refueling valve opened.
2025-10-27 03:42:45,079 [INFO] Start tanking...
2025-10-27 03:42:46,609 [INFO] Pobieram poziom utleniacza z sensora 100.0
2025-10-27 03:42:47,119 [INFO] Stop tanking
2025-10-27 03:42:47,121 [INFO] Oxidizer refueling valve closed.
2025-10-27 03:42:47,136 [INFO] Pobieram poziom utleniacza z sensora 100.0
2025-10-27 03:44:38,709 [INFO] Oxidizer refueling valve opened.
2025-10-27 03:44:38,709 [INFO] Start tanking...
2025-10-27 03:44:40,239 [INFO] Pobieram poziom utleniacza z sensora 100.0
2025-10-27 03:44:40,749 [INFO] Stop tanking
2025-10-27 03:44:40,751 [INFO] Oxidizer refueling valve closed.
2025-10-27 03:44:40,767 [INFO] Pobieram poziom utleniacza z sensora 100.0
2025-10-27 03:44:40,899 [INFO] Pobieram poziom utleniacza z sensora 100.0
2025-10-27 03:44:41,898 [INFO] Pobieram poziom utleniacza z sensora 100.0
2025-10-27 03:44:42,897 [INFO] Pobieram poziom utleniacza z sensora 100.0
2025-10-27 03:44:43,898 [INFO] Pobieram poziom utleniacza z sensora 100.0
2025-10-27 03:44:44,901 [INFO] Pobieram poziom utleniacza z sensora 100.0
2025-10-27 03:44:45,897 [INFO] Pobieram poziom utleniacza z sensora 100.0
2025-10-27 03:44:46,897 [INFO] Pobieram poziom utleniacza z sensora 100.0
2025-10-27 03:44:47,897 [INFO] Pobieram poziom utleniacza z sensora 100.0
2025-10-27 03:44:48,898 [INFO] Pobieram poziom utleniacza z sensora 100.0
2025-10-27 03:48:07,909 [INFO] Oxidizer refueling valve opened.
2025-10-27 03:48:07,910 [INFO] Start tanking...
2025-10-27 03:48:09,448 [INFO] Pobieram poziom utleniacza z sensora 100.0
2025-10-27 03:48:09,955 [INFO] Stop tanking
2025-10-27 03:48:09,957 [INFO] Oxidizer refueling valve closed.
2025-10-27 03:48:09,965 [INFO] Pobieram poziom utleniacza z sensora 100.0
2025-10-27 03:48:09,971 [INFO] Pobieram poziom utleniacza z sensora 100.0
2025-10-27 03:48:10,941 [INFO] Pobieram poziom utleniacza z sensora 100.0
2025-10-27 03:48:11,943 [INFO] Pobieram poziom utleniacza z sensora 100.0
2025-10-27 03:48:12,941 [INFO] Pobieram poziom utleniacza z sensora 100.0
2025-10-27 03:48:13,941 [INFO] Pobieram poziom utleniacza z sensora 100.0
2025-10-27 03:57:03,543 [INFO] Fuel refueling valve opened.
2025-10-27 03:57:03,543 [INFO] Start tanking fuel...
2025-10-27 03:57:04,559 [INFO] Pobieram poziom paliwa z sensora 3.000087022781372
2025-10-27 03:57:09,144 [INFO] Pobieram poziom paliwa z sensora 13.000421524047852
2025-10-27 03:57:13,735 [INFO] Pobieram poziom paliwa z sensora 23.000896453857422
2025-10-27 03:57:18,341 [INFO] Pobieram poziom paliwa z sensora 33.00115966796875
2025-10-27 03:57:22,945 [INFO] Pobieram poziom paliwa z sensora 43.00142288208008
2025-10-27 03:57:27,525 [INFO] Pobieram poziom paliwa z sensora 53.001800537109375
2025-10-27 03:57:32,124 [INFO] Pobieram poziom paliwa z sensora 63.00212478637695
2025-10-27 03:57:36,705 [INFO] Pobieram poziom paliwa z sensora 73.00291442871094
2025-10-27 03:57:41,302 [INFO] Pobieram poziom paliwa z sensora 83.00335693359375
2025-10-27 03:57:45,889 [INFO] Pobieram poziom paliwa z sensora 93.00379180908203
2025-10-27 03:57:50,485 [INFO] Pobieram poziom paliwa z sensora 100.0
2025-10-27 03:57:55,086 [INFO] Pobieram poziom paliwa z sensora 100.0
2025-10-27 03:57:59,674 [INFO] Pobieram poziom paliwa z sensora 100.0
2025-10-27 03:58:04,271 [INFO] Pobieram poziom paliwa z sensora 100.0
2025-10-27 03:58:08,849 [INFO] Pobieram poziom paliwa z sensora 100.0
2025-10-27 03:58:13,455 [INFO] Pobieram poziom paliwa z sensora 100.0
2025-10-27 03:58:18,045 [INFO] Pobieram poziom paliwa z sensora 100.0
2025-10-27 03:58:22,635 [INFO] Pobieram poziom paliwa z sensora 100.0
2025-10-27 03:58:27,231 [INFO] Pobieram poziom paliwa z sensora 100.0
2025-10-27 03:58:31,829 [INFO] Pobieram poziom paliwa z sensora 100.0
2025-10-27 03:58:36,421 [INFO] Pobieram poziom paliwa z sensora 100.0
2025-10-27 03:58:41,007 [INFO] Pobieram poziom paliwa z sensora 100.0
2025-10-27 03:58:45,593 [INFO] Pobieram poziom paliwa z sensora 100.0
2025-10-27 03:58:50,192 [INFO] Pobieram poziom paliwa z sensora 100.0
2025-10-27 03:58:54,777 [INFO] Pobieram poziom paliwa z sensora 100.0
2025-10-27 03:58:59,348 [INFO] Pobieram poziom paliwa z sensora 100.0
2025-10-27 03:59:03,949 [ERROR] UWAGA: Czas tankowania paliwa przekroczy³ 120
2025-10-27 03:59:03,949 [ERROR] Launch aborted
2025-10-27 04:04:23,987 [ERROR] ATTENTION: You are trying to open the fuel intake before filling the tank with oxidizer, which may cause an explosion.
2025-10-27 04:04:35,847 [INFO] Oxidizer refueling valve opened.
2025-10-27 04:04:35,848 [INFO] Start tanking oxidizer...
2025-10-27 04:04:37,375 [INFO] Pobieram poziom utleniacza z sensora 100.0
2025-10-27 04:04:37,880 [INFO] Stop tanking oxidizer
2025-10-27 04:04:37,882 [INFO] Oxidizer refueling valve closed.
2025-10-27 04:07:07,312 [INFO] Oxidizer refueling valve opened.
2025-10-27 04:07:07,314 [INFO] Start tanking oxidizer...
2025-10-27 04:07:08,847 [INFO] Pobieram poziom utleniacza z sensora 100.0
2025-10-27 04:07:09,412 [INFO] Stop tanking oxidizer
2025-10-27 04:07:09,418 [INFO] Oxidizer refueling valve closed.
2025-10-27 04:07:09,443 [INFO] Pobieram poziom utleniacza z sensora 100.0
2025-10-27 04:07:10,003 [INFO] Pobieram poziom utleniacza z sensora 100.0
2025-10-27 04:07:10,991 [INFO] Pobieram poziom utleniacza z sensora 100.0
2025-10-27 04:07:11,990 [INFO] Pobieram poziom utleniacza z sensora 100.0
2025-10-27 04:07:12,989 [INFO] Pobieram poziom utleniacza z sensora 100.0
2025-10-27 04:07:13,989 [INFO] Pobieram poziom utleniacza z sensora 100.0
2025-10-27 04:07:14,989 [INFO] Pobieram poziom utleniacza z sensora 100.0
2025-10-27 04:07:15,989 [INFO] Pobieram poziom utleniacza z sensora 100.0
2025-10-27 04:07:16,990 [INFO] Pobieram poziom utleniacza z sensora 100.0
2025-10-27 04:07:17,990 [INFO] Pobieram poziom utleniacza z sensora 100.0
2025-10-27 04:07:18,990 [INFO] Pobieram poziom utleniacza z sensora 100.0
2025-10-27 04:07:19,990 [INFO] Pobieram poziom utleniacza z sensora 100.0
2025-10-27 04:07:20,989 [INFO] Pobieram poziom utleniacza z sensora 100.0
2025-10-27 04:07:46,587 [INFO] Oxidizer refueling valve opened.
2025-10-27 04:07:46,588 [INFO] Start tanking oxidizer...
2025-10-27 04:07:48,107 [INFO] Pobieram poziom utleniacza z sensora 100.0
2025-10-27 04:07:48,622 [INFO] Stop tanking oxidizer
2025-10-27 04:07:48,624 [INFO] Oxidizer refueling valve closed.
2025-10-27 04:07:48,628 [INFO] Pobieram poziom utleniacza z sensora 100.0
2025-10-27 04:07:48,989 [INFO] Pobieram poziom utleniacza z sensora 100.0
2025-10-27 04:07:49,989 [INFO] Pobieram poziom utleniacza z sensora 100.0
2025-10-27 04:07:50,990 [INFO] Pobieram poziom utleniacza z sensora 100.0
2025-10-27 04:07:51,989 [INFO] Pobieram poziom utleniacza z sensora 100.0
2025-10-27 04:07:52,989 [INFO] Pobieram poziom utleniacza z sensora 100.0
2025-10-27 04:07:53,990 [INFO] Pobieram poziom utleniacza z sensora 100.0
2025-10-27 04:07:54,990 [INFO] Pobieram poziom utleniacza z sensora 100.0
2025-10-27 04:07:55,989 [INFO] Pobieram poziom utleniacza z sensora 100.0
2025-10-27 04:07:56,990 [INFO] Pobieram poziom utleniacza z sensora 100.0
2025-10-27 04:07:57,989 [INFO] Pobieram poziom utleniacza z sensora 100.0
2025-10-27 04:07:58,990 [INFO] Pobieram poziom utleniacza z sensora 100.0
2025-10-27 04:07:59,992 [INFO] Pobieram poziom utleniacza z sensora 100.0
2025-10-27 04:08:00,990 [INFO] Pobieram poziom utleniacza z sensora 100.0
2025-10-27 04:08:01,989 [INFO] Pobieram poziom utleniacza z sensora 100.0
2025-10-27 04:08:02,990 [INFO] Pobieram poziom utleniacza z sensora 100.0
2025-10-27 04:08:03,989 [INFO] Pobieram poziom utleniacza z sensora 100.0
2025-10-27 04:08:04,985 [INFO] Pobieram poziom utleniacza z sensora 100.0
2025-10-27 04:08:05,989 [INFO] Pobieram poziom utleniacza z sensora 100.0
2025-10-27 04:08:06,989 [INFO] Pobieram poziom utleniacza z sensora 100.0
2025-10-27 04:08:07,990 [INFO] Pobieram poziom utleniacza z sensora 100.0
2025-10-27 04:08:08,990 [INFO] Pobieram poziom utleniacza z sensora 100.0
2025-10-27 04:08:09,989 [INFO] Pobieram poziom utleniacza z sensora 100.0
2025-10-27 04:08:10,990 [INFO] Pobieram poziom utleniacza z sensora 100.0
2025-10-27 04:08:11,989 [INFO] Pobieram poziom utleniacza z sensora 100.0
2025-10-27 04:08:12,990 [INFO] Pobieram poziom utleniacza z sensora 100.0
2025-10-27 04:08:13,989 [INFO] Pobieram poziom utleniacza z sensora 100.0
2025-10-27 04:08:14,984 [INFO] Pobieram poziom utleniacza z sensora 100.0
2025-10-27 04:08:15,984 [INFO] Pobieram poziom utleniacza z sensora 100.0
2025-10-27 04:08:16,989 [INFO] Pobieram poziom utleniacza z sensora 100.0
2025-10-27 04:08:17,989 [INFO] Pobieram poziom utleniacza z sensora 100.0
2025-10-27 04:08:18,990 [INFO] Pobieram poziom utleniacza z sensora 100.0
2025-10-27 04:08:19,990 [INFO] Pobieram poziom utleniacza z sensora 100.0
2025-10-27 04:08:20,991 [INFO] Pobieram poziom utleniacza z sensora 100.0
2025-10-27 04:08:21,991 [INFO] Pobieram poziom utleniacza z sensora 100.0
2025-10-27 04:08:22,990 [INFO] Pobieram poziom utleniacza z sensora 100.0
2025-10-27 04:08:23,990 [INFO] Pobieram poziom utleniacza z sensora 100.0
2025-10-27 04:08:24,989 [INFO] Pobieram poziom utleniacza z sensora 100.0
2025-10-27 04:08:25,990 [INFO] Pobieram poziom utleniacza z sensora 100.0
2025-10-27 04:08:26,990 [INFO] Pobieram poziom utleniacza z sensora 100.0
2025-10-27 04:08:27,990 [INFO] Pobieram poziom utleniacza z sensora 100.0
2025-10-27 04:08:28,989 [INFO] Pobieram poziom utleniacza z sensora 100.0
2025-10-27 04:08:29,989 [INFO] Pobieram poziom utleniacza z sensora 100.0
2025-10-27 04:08:30,990 [INFO] Pobieram poziom utleniacza z sensora 100.0
2025-10-27 04:08:31,985 [INFO] Pobieram poziom utleniacza z sensora 100.0
2025-10-27 04:08:32,990 [INFO] Pobieram poziom utleniacza z sensora 100.0
2025-10-27 04:08:33,990 [INFO] Pobieram poziom utleniacza z sensora 100.0
2025-10-27 04:08:34,990 [INFO] Pobieram poziom utleniacza z sensora 100.0
2025-10-27 04:08:35,990 [INFO] Pobieram poziom utleniacza z sensora 100.0
2025-10-27 04:08:36,990 [INFO] Pobieram poziom utleniacza z sensora 100.0
2025-10-27 04:08:37,990 [INFO] Pobieram poziom utleniacza z sensora 100.0
2025-10-27 04:08:38,990 [INFO] Pobieram poziom utleniacza z sensora 100.0
2025-10-27 04:08:39,990 [INFO] Pobieram poziom utleniacza z sensora 100.0
2025-10-27 04:08:40,990 [INFO] Pobieram poziom utleniacza z sensora 100.0
2025-10-27 04:08:41,990 [INFO] Pobieram poziom utleniacza z sensora 100.0
2025-10-27 04:08:42,990 [INFO] Pobieram poziom utleniacza z sensora 100.0
2025-10-27 04:08:43,990 [INFO] Pobieram poziom utleniacza z sensora 100.0
2025-10-27 04:08:44,990 [INFO] Pobieram poziom utleniacza z sensora 100.0
2025-10-27 04:08:45,990 [INFO] Pobieram poziom utleniacza z sensora 100.0
2025-10-27 04:08:46,991 [INFO] Pobieram poziom utleniacza z sensora 100.0
2025-10-27 04:08:47,990 [INFO] Pobieram poziom utleniacza z sensora 100.0
2025-10-27 04:08:48,990 [INFO] Pobieram poziom utleniacza z sensora 100.0
2025-10-27 04:08:49,990 [INFO] Pobieram poziom utleniacza z sensora 100.0
2025-10-27 04:08:50,990 [INFO] Pobieram poziom utleniacza z sensora 100.0
2025-10-27 04:08:51,990 [INFO] Pobieram poziom utleniacza z sensora 100.0
2025-10-27 04:08:52,990 [INFO] Pobieram poziom utleniacza z sensora 100.0
2025-10-27 04:08:53,990 [INFO] Pobieram poziom utleniacza z sensora 100.0
2025-10-27 04:08:54,991 [INFO] Pobieram poziom utleniacza z sensora 100.0
2025-10-27 04:08:55,990 [INFO] Pobieram poziom utleniacza z sensora 100.0
2025-10-27 04:08:56,990 [INFO] Pobieram poziom utleniacza z sensora 100.0
2025-10-27 04:08:57,990 [INFO] Pobieram poziom utleniacza z sensora 100.0
2025-10-27 04:08:58,990 [INFO] Pobieram poziom utleniacza z sensora 100.0
2025-10-27 04:08:59,990 [INFO] Pobieram poziom utleniacza z sensora 100.0
2025-10-27 04:09:00,990 [INFO] Pobieram poziom utleniacza z sensora 100.0
2025-10-27 04:09:01,990 [INFO] Pobieram poziom utleniacza z sensora 100.0
2025-10-27 04:09:02,990 [INFO] Pobieram poziom utleniacza z sensora 100.0
2025-10-27 04:09:03,990 [INFO] Pobieram poziom utleniacza z sensora 100.0
2025-10-27 04:09:04,990 [INFO] Pobieram poziom utleniacza z sensora 100.0
2025-10-27 04:09:05,990 [INFO] Pobieram poziom utleniacza z sensora 100.0
2025-10-27 04:09:06,990 [INFO] Pobieram poziom utleniacza z sensora 100.0
2025-10-27 04:09:07,990 [INFO] Pobieram poziom utleniacza z sensora 100.0
2025-10-27 04:09:08,990 [INFO] Pobieram poziom utleniacza z sensora 100.0
2025-10-27 04:09:09,990 [INFO] Pobieram poziom utleniacza z sensora 100.0
2025-10-27 04:09:10,985 [INFO] Pobieram poziom utleniacza z sensora 100.0
2025-10-27 04:09:11,990 [INFO] Pobieram poziom utleniacza z sensora 100.0
2025-10-27 04:09:12,990 [INFO] Pobieram poziom utleniacza z sensora 100.0
2025-10-27 04:09:13,991 [INFO] Pobieram poziom utleniacza z sensora 100.0
2025-10-27 04:09:14,990 [INFO] Pobieram poziom utleniacza z sensora 100.0
2025-10-27 04:09:15,989 [INFO] Pobieram poziom utleniacza z sensora 100.0
2025-10-27 04:09:16,990 [INFO] Pobieram poziom utleniacza z sensora 100.0
2025-10-27 04:09:17,990 [INFO] Pobieram poziom utleniacza z sensora 100.0
2025-10-27 04:09:18,990 [INFO] Pobieram poziom utleniacza z sensora 100.0
2025-10-27 04:09:19,991 [INFO] Pobieram poziom utleniacza z sensora 100.0
2025-10-27 04:09:20,990 [INFO] Pobieram poziom utleniacza z sensora 100.0
2025-10-27 04:09:21,990 [INFO] Pobieram poziom utleniacza z sensora 100.0
2025-10-27 04:09:22,990 [INFO] Pobieram poziom utleniacza z sensora 100.0
2025-10-27 04:09:23,990 [INFO] Pobieram poziom utleniacza z sensora 100.0
2025-10-27 04:09:24,990 [INFO] Pobieram poziom utleniacza z sensora 100.0
2025-10-27 04:09:25,991 [INFO] Pobieram poziom utleniacza z sensora 100.0
2025-10-27 04:09:26,990 [INFO] Pobieram poziom utleniacza z sensora 100.0
2025-10-27 04:09:27,990 [INFO] Pobieram poziom utleniacza z sensora 100.0
2025-10-27 04:09:28,990 [INFO] Pobieram poziom utleniacza z sensora 100.0
2025-10-27 04:09:29,990 [INFO] Pobieram poziom utleniacza z sensora 100.0
2025-10-27 04:09:30,990 [INFO] Pobieram poziom utleniacza z sensora 100.0
2025-10-27 04:09:31,992 [INFO] Pobieram poziom utleniacza z sensora 100.0
2025-10-27 04:09:32,990 [INFO] Pobieram poziom utleniacza z sensora 100.0
2025-10-27 04:09:33,990 [INFO] Pobieram poziom utleniacza z sensora 100.0
2025-10-27 04:09:34,990 [INFO] Pobieram poziom utleniacza z sensora 100.0
2025-10-27 04:09:35,990 [INFO] Pobieram poziom utleniacza z sensora 100.0
2025-10-27 04:09:36,990 [INFO] Pobieram poziom utleniacza z sensora 100.0
2025-10-27 04:09:37,990 [INFO] Pobieram poziom utleniacza z sensora 100.0
2025-10-27 04:09:38,990 [INFO] Pobieram poziom utleniacza z sensora 100.0
2025-10-27 04:09:39,990 [INFO] Pobieram poziom utleniacza z sensora 100.0
2025-10-27 04:09:40,990 [INFO] Pobieram poziom utleniacza z sensora 100.0
2025-10-27 04:09:41,991 [INFO] Pobieram poziom utleniacza z sensora 100.0
2025-10-27 04:09:42,990 [INFO] Pobieram poziom utleniacza z sensora 100.0
2025-10-27 04:09:43,993 [INFO] Pobieram poziom utleniacza z sensora 100.0
2025-10-27 04:09:44,990 [INFO] Pobieram poziom utleniacza z sensora 100.0
2025-10-27 04:09:45,991 [INFO] Pobieram poziom utleniacza z sensora 100.0
2025-10-27 04:09:46,991 [INFO] Pobieram poziom utleniacza z sensora 100.0
2025-10-27 04:09:47,990 [INFO] Pobieram poziom utleniacza z sensora 100.0
2025-10-27 04:09:48,991 [INFO] Pobieram poziom utleniacza z sensora 100.0
2025-10-27 04:09:49,991 [INFO] Pobieram poziom utleniacza z sensora 100.0
2025-10-27 04:09:50,991 [INFO] Pobieram poziom utleniacza z sensora 100.0
2025-10-27 04:09:51,990 [INFO] Pobieram poziom utleniacza z sensora 100.0
2025-10-27 04:09:52,991 [INFO] Pobieram poziom utleniacza z sensora 100.0
2025-10-27 04:09:53,991 [INFO] Pobieram poziom utleniacza z sensora 100.0
2025-10-27 04:09:54,990 [INFO] Pobieram poziom utleniacza z sensora 100.0
2025-10-27 04:09:55,991 [INFO] Pobieram poziom utleniacza z sensora 100.0
2025-10-27 04:09:56,991 [INFO] Pobieram poziom utleniacza z sensora 100.0
2025-10-27 04:09:57,990 [INFO] Pobieram poziom utleniacza z sensora 100.0
2025-10-27 04:09:58,991 [INFO] Pobieram poziom utleniacza z sensora 100.0
2025-10-27 04:09:59,991 [INFO] Pobieram poziom utleniacza z sensora 100.0
2025-10-27 04:10:00,991 [INFO] Pobieram poziom utleniacza z sensora 100.0
2025-10-27 04:10:01,991 [INFO] Pobieram poziom utleniacza z sensora 100.0
2025-10-27 04:10:02,990 [INFO] Pobieram poziom utleniacza z sensora 100.0
2025-10-27 04:10:03,991 [INFO] Pobieram poziom utleniacza z sensora 100.0
2025-10-27 04:10:04,990 [INFO] Pobieram poziom utleniacza z sensora 100.0
2025-10-27 04:10:05,991 [INFO] Pobieram poziom utleniacza z sensora 100.0
2025-10-27 04:10:06,991 [INFO] Pobieram poziom utleniacza z sensora 100.0
2025-10-27 04:10:07,990 [INFO] Pobieram poziom utleniacza z sensora 100.0
2025-10-27 04:10:08,990 [INFO] Pobieram poziom utleniacza z sensora 100.0
2025-10-27 04:10:09,990 [INFO] Pobieram poziom utleniacza z sensora 100.0
2025-10-27 04:10:10,991 [INFO] Pobieram poziom utleniacza z sensora 100.0
2025-10-27 04:10:11,991 [INFO] Pobieram poziom utleniacza z sensora 100.0
2025-10-27 04:10:12,990 [INFO] Pobieram poziom utleniacza z sensora 100.0
2025-10-27 04:10:13,991 [INFO] Pobieram poziom utleniacza z sensora 100.0
2025-10-27 04:10:14,990 [INFO] Pobieram poziom utleniacza z sensora 100.0
2025-10-27 04:10:15,991 [INFO] Pobieram poziom utleniacza z sensora 100.0
2025-10-27 04:10:16,991 [INFO] Pobieram poziom utleniacza z sensora 100.0
2025-10-27 04:10:17,990 [INFO] Pobieram poziom utleniacza z sensora 100.0
2025-10-27 04:10:18,991 [INFO] Pobieram poziom utleniacza z sensora 100.0
2025-10-27 04:10:19,991 [INFO] Pobieram poziom utleniacza z sensora 100.0
2025-10-27 04:10:20,991 [INFO] Pobieram poziom utleniacza z sensora 100.0
2025-10-27 04:10:21,991 [INFO] Pobieram poziom utleniacza z sensora 100.0
2025-10-27 04:10:22,991 [INFO] Pobieram poziom utleniacza z sensora 100.0
2025-10-27 04:10:23,990 [INFO] Pobieram poziom utleniacza z sensora 100.0
2025-10-27 04:10:24,990 [INFO] Pobieram poziom utleniacza z sensora 100.0
2025-10-27 04:10:25,991 [INFO] Pobieram poziom utleniacza z sensora 100.0
2025-10-27 04:10:26,991 [INFO] Pobieram poziom utleniacza z sensora 100.0
2025-10-27 04:10:27,991 [INFO] Pobieram poziom utleniacza z sensora 100.0
2025-10-27 04:10:28,992 [INFO] Pobieram poziom utleniacza z sensora 100.0
2025-10-27 04:10:29,992 [INFO] Pobieram poziom utleniacza z sensora 100.0
2025-10-27 04:10:30,991 [INFO] Pobieram poziom utleniacza z sensora 100.0
2025-10-27 04:10:31,990 [INFO] Pobieram poziom utleniacza z sensora 100.0
2025-10-27 04:11:59,403 [INFO] Oxidizer refueling valve opened.
2025-10-27 04:11:59,404 [INFO] Start tanking oxidizer...
2025-10-27 04:12:01,070 [INFO] Pobieram poziom utleniacza z sensora 100.0
2025-10-27 04:12:01,581 [INFO] Stop tanking oxidizer
2025-10-27 04:12:01,584 [INFO] Oxidizer refueling valve closed.
2025-10-27 04:12:01,618 [INFO] Pobieram poziom utleniacza z sensora 100.0
2025-10-27 04:12:02,016 [INFO] Pobieram poziom utleniacza z sensora 100.0
2025-10-27 04:12:03,001 [INFO] Pobieram poziom utleniacza z sensora 100.0
2025-10-27 04:12:03,999 [INFO] Pobieram poziom utleniacza z sensora 100.0
2025-10-27 04:12:04,999 [INFO] Pobieram poziom utleniacza z sensora 100.0
2025-10-27 04:12:06,000 [INFO] Pobieram poziom utleniacza z sensora 100.0
2025-10-27 04:12:07,001 [INFO] Pobieram poziom utleniacza z sensora 100.0
2025-10-27 04:12:08,000 [INFO] Pobieram poziom utleniacza z sensora 100.0
2025-10-27 04:12:09,000 [INFO] Pobieram poziom utleniacza z sensora 100.0
2025-10-27 04:12:09,999 [INFO] Pobieram poziom utleniacza z sensora 100.0
2025-10-27 04:12:10,999 [INFO] Pobieram poziom utleniacza z sensora 100.0
2025-10-27 04:12:11,998 [INFO] Pobieram poziom utleniacza z sensora 100.0
2025-10-27 04:12:12,999 [INFO] Pobieram poziom utleniacza z sensora 100.0
2025-10-27 04:12:15,009 [INFO] Oxidizer refueling valve opened.
2025-10-27 04:12:15,010 [INFO] Start tanking oxidizer...
2025-10-27 04:12:16,538 [INFO] Pobieram poziom utleniacza z sensora 100.0
2025-10-27 04:12:17,052 [INFO] Stop tanking oxidizer
2025-10-27 04:12:17,053 [INFO] Oxidizer refueling valve closed.
2025-10-27 04:12:17,058 [INFO] Pobieram poziom utleniacza z sensora 100.0
2025-10-27 04:12:18,000 [INFO] Pobieram poziom utleniacza z sensora 100.0
2025-10-27 04:12:18,999 [INFO] Pobieram poziom utleniacza z sensora 100.0
2025-10-27 04:12:19,999 [INFO] Pobieram poziom utleniacza z sensora 100.0
2025-10-27 04:12:20,999 [INFO] Pobieram poziom utleniacza z sensora 100.0
2025-10-27 04:12:21,999 [INFO] Pobieram poziom utleniacza z sensora 100.0
2025-10-27 04:12:22,999 [INFO] Pobieram poziom utleniacza z sensora 100.0
2025-10-27 04:12:23,999 [INFO] Pobieram poziom utleniacza z sensora 100.0
2025-10-27 04:12:24,999 [INFO] Pobieram poziom utleniacza z sensora 100.0
2025-10-27 04:12:26,000 [INFO] Pobieram poziom utleniacza z sensora 100.0
2025-10-27 04:12:27,000 [INFO] Pobieram poziom utleniacza z sensora 100.0
2025-10-27 04:12:27,999 [INFO] Pobieram poziom utleniacza z sensora 100.0
2025-10-27 04:12:28,999 [INFO] Pobieram poziom utleniacza z sensora 100.0
2025-10-27 04:12:29,999 [INFO] Pobieram poziom utleniacza z sensora 100.0
2025-10-27 04:12:31,004 [INFO] Pobieram poziom utleniacza z sensora 100.0
2025-10-27 04:12:32,846 [INFO] Oxidizer refueling valve opened.
2025-10-27 04:12:32,846 [INFO] Start tanking oxidizer...
2025-10-27 04:12:34,380 [INFO] Pobieram poziom utleniacza z sensora 100.0
2025-10-27 04:12:34,894 [INFO] Stop tanking oxidizer
2025-10-27 04:12:34,895 [INFO] Oxidizer refueling valve closed.
2025-10-27 04:12:34,902 [INFO] Pobieram poziom utleniacza z sensora 100.0
2025-10-27 04:12:35,000 [INFO] Pobieram poziom utleniacza z sensora 100.0
2025-10-27 04:12:35,999 [INFO] Pobieram poziom utleniacza z sensora 100.0
2025-10-27 04:12:36,999 [INFO] Pobieram poziom utleniacza z sensora 100.0
2025-10-27 04:12:37,999 [INFO] Pobieram poziom utleniacza z sensora 100.0
2025-10-27 04:12:38,999 [INFO] Pobieram poziom utleniacza z sensora 100.0
2025-10-27 04:12:40,000 [INFO] Pobieram poziom utleniacza z sensora 100.0
2025-10-27 04:12:40,999 [INFO] Pobieram poziom utleniacza z sensora 100.0
2025-10-27 04:12:41,999 [INFO] Pobieram poziom utleniacza z sensora 100.0
2025-10-27 04:12:43,000 [INFO] Pobieram poziom utleniacza z sensora 100.0
2025-10-27 04:12:43,999 [INFO] Pobieram poziom utleniacza z sensora 100.0
2025-10-27 04:12:45,000 [INFO] Pobieram poziom utleniacza z sensora 100.0
2025-10-27 04:12:46,000 [INFO] Pobieram poziom utleniacza z sensora 100.0
2025-10-27 04:12:46,999 [INFO] Pobieram poziom utleniacza z sensora 100.0
2025-10-27 04:12:47,999 [INFO] Pobieram poziom utleniacza z sensora 100.0
2025-10-27 04:12:49,000 [INFO] Pobieram poziom utleniacza z sensora 100.0
2025-10-27 04:12:49,999 [INFO] Pobieram poziom utleniacza z sensora 100.0
2025-10-27 04:12:51,000 [INFO] Pobieram poziom utleniacza z sensora 100.0
2025-10-27 04:12:52,000 [INFO] Pobieram poziom utleniacza z sensora 100.0
2025-10-27 04:12:53,000 [INFO] Pobieram poziom utleniacza z sensora 100.0
2025-10-27 04:12:54,000 [INFO] Pobieram poziom utleniacza z sensora 100.0
2025-10-27 04:12:55,000 [INFO] Pobieram poziom utleniacza z sensora 100.0
2025-10-27 04:12:55,999 [INFO] Pobieram poziom utleniacza z sensora 100.0
2025-10-27 04:12:57,000 [INFO] Pobieram poziom utleniacza z sensora 100.0
2025-10-27 04:12:57,999 [INFO] Pobieram poziom utleniacza z sensora 100.0
2025-10-27 04:12:58,999 [INFO] Pobieram poziom utleniacza z sensora 100.0
2025-10-27 04:13:00,000 [INFO] Pobieram poziom utleniacza z sensora 100.0
2025-10-27 04:13:00,999 [INFO] Pobieram poziom utleniacza z sensora 100.0
2025-10-27 04:13:02,000 [INFO] Pobieram poziom utleniacza z sensora 100.0
2025-10-27 04:13:03,000 [INFO] Pobieram poziom utleniacza z sensora 100.0
2025-10-27 04:13:04,000 [INFO] Pobieram poziom utleniacza z sensora 100.0
2025-10-27 04:13:05,000 [INFO] Pobieram poziom utleniacza z sensora 100.0
2025-10-27 04:13:06,000 [INFO] Pobieram poziom utleniacza z sensora 100.0
2025-10-27 04:13:06,999 [INFO] Pobieram poziom utleniacza z sensora 100.0
2025-10-27 04:13:08,000 [INFO] Pobieram poziom utleniacza z sensora 100.0
2025-10-27 04:13:09,000 [INFO] Pobieram poziom utleniacza z sensora 100.0
2025-10-27 04:13:10,001 [INFO] Pobieram poziom utleniacza z sensora 100.0
2025-10-27 04:13:11,000 [INFO] Pobieram poziom utleniacza z sensora 100.0
2025-10-27 04:13:12,000 [INFO] Pobieram poziom utleniacza z sensora 100.0
2025-10-27 04:13:13,000 [INFO] Pobieram poziom utleniacza z sensora 100.0
2025-10-27 04:13:14,000 [INFO] Pobieram poziom utleniacza z sensora 100.0
2025-10-27 04:13:15,000 [INFO] Pobieram poziom utleniacza z sensora 100.0
2025-10-27 04:13:15,999 [INFO] Pobieram poziom utleniacza z sensora 100.0
2025-10-27 04:13:17,000 [INFO] Pobieram poziom utleniacza z sensora 100.0
2025-10-27 04:13:18,000 [INFO] Pobieram poziom utleniacza z sensora 100.0
2025-10-27 04:37:47,756 [INFO] Oxidizer refueling valve opened.
2025-10-27 04:37:47,757 [INFO] Start tanking oxidizer...
2025-10-27 04:37:49,288 [INFO] Pobieram poziom utleniacza z sensora 100.0
2025-10-27 04:37:49,802 [INFO] Stop tanking oxidizer
2025-10-27 04:37:49,803 [INFO] Oxidizer refueling valve closed.
2025-10-27 04:37:49,807 [INFO] Ciœnienie utleniacza OK: 30.00 bar
2025-10-27 04:37:49,811 [INFO] Fuel refueling valve opened.
2025-10-27 04:37:49,811 [INFO] Start tanking fuel...
2025-10-27 04:37:50,827 [INFO] Pobieram poziom paliwa z sensora 100.0
2025-10-27 04:37:55,479 [INFO] Pobieram poziom paliwa z sensora 100.0
2025-10-27 04:38:00,061 [INFO] Pobieram poziom paliwa z sensora 100.0
2025-10-27 04:38:04,688 [INFO] Pobieram poziom paliwa z sensora 100.0
2025-10-27 04:38:09,295 [INFO] Pobieram poziom paliwa z sensora 100.0
2025-10-27 04:38:13,858 [INFO] Pobieram poziom paliwa z sensora 100.0
2025-10-27 04:38:18,443 [INFO] Pobieram poziom paliwa z sensora 100.0
2025-10-27 04:38:23,042 [INFO] Pobieram poziom paliwa z sensora 100.0
2025-10-27 04:38:27,645 [INFO] Pobieram poziom paliwa z sensora 100.0
2025-10-27 04:38:32,241 [INFO] Pobieram poziom paliwa z sensora 100.0
2025-10-27 04:38:36,836 [INFO] Pobieram poziom paliwa z sensora 100.0
2025-10-27 04:38:41,423 [INFO] Pobieram poziom paliwa z sensora 100.0
2025-10-27 04:38:46,019 [INFO] Pobieram poziom paliwa z sensora 100.0
2025-10-27 04:38:50,637 [INFO] Pobieram poziom paliwa z sensora 100.0
2025-10-27 04:38:55,243 [INFO] Pobieram poziom paliwa z sensora 100.0
2025-10-27 04:38:59,899 [INFO] Pobieram poziom paliwa z sensora 100.0
2025-10-27 04:39:04,491 [INFO] Pobieram poziom paliwa z sensora 100.0
2025-10-27 04:39:09,100 [INFO] Pobieram poziom paliwa z sensora 100.0
2025-10-27 04:39:13,703 [INFO] Pobieram poziom paliwa z sensora 100.0
2025-10-27 04:39:18,315 [INFO] Pobieram poziom paliwa z sensora 100.0
2025-10-27 04:39:22,917 [INFO] Pobieram poziom paliwa z sensora 100.0
2025-10-27 04:39:27,558 [INFO] Pobieram poziom paliwa z sensora 100.0
2025-10-27 04:39:32,131 [INFO] Pobieram poziom paliwa z sensora 100.0
2025-10-27 04:39:36,738 [INFO] Pobieram poziom paliwa z sensora 100.0
2025-10-27 04:45:49,158 [INFO] Oxidizer refueling valve opened.
2025-10-27 04:45:49,158 [INFO] Start tanking oxidizer...
2025-10-27 04:45:50,674 [INFO] Pobieram poziom utleniacza z sensora 100.0
2025-10-27 04:45:51,182 [INFO] Stop tanking oxidizer
2025-10-27 04:45:51,184 [INFO] Oxidizer refueling valve closed.
2025-10-27 04:45:51,188 [INFO] Ciœnienie utleniacza OK: 30.00 bar
2025-10-27 04:45:51,191 [INFO] Fuel refueling valve opened.
2025-10-27 04:45:51,192 [INFO] Start tanking fuel...
2025-10-27 04:45:52,211 [INFO] Pobieram poziom paliwa z sensora 100.0
2025-10-27 04:45:56,780 [INFO] Pobieram poziom paliwa z sensora 100.0
2025-10-27 04:46:01,390 [INFO] Pobieram poziom paliwa z sensora 100.0
2025-10-27 04:46:05,983 [INFO] Pobieram poziom paliwa z sensora 100.0
2025-10-27 04:46:10,590 [INFO] Pobieram poziom paliwa z sensora 100.0
2025-10-27 04:46:15,257 [INFO] Pobieram poziom paliwa z sensora 100.0
2025-10-27 04:46:19,865 [INFO] Pobieram poziom paliwa z sensora 100.0
2025-10-27 04:46:24,443 [INFO] Pobieram poziom paliwa z sensora 100.0
2025-10-27 04:46:29,024 [INFO] Pobieram poziom paliwa z sensora 100.0
2025-10-27 04:46:33,639 [INFO] Pobieram poziom paliwa z sensora 100.0
2025-10-27 04:46:38,240 [INFO] Pobieram poziom paliwa z sensora 100.0
2025-10-27 04:46:42,832 [INFO] Pobieram poziom paliwa z sensora 100.0
2025-10-27 04:49:17,638 [INFO] Oxidizer refueling valve opened.
2025-10-27 04:49:17,640 [INFO] Start tanking oxidizer...
2025-10-27 04:49:19,154 [INFO] Pobieram poziom utleniacza z sensora 100.0
2025-10-27 04:49:19,659 [INFO] Stop tanking oxidizer
2025-10-27 04:49:19,663 [INFO] Oxidizer refueling valve closed.
2025-10-27 04:49:19,668 [INFO] Ciœnienie utleniacza OK: 30.00 bar
2025-10-27 04:49:19,673 [INFO] Fuel refueling valve opened.
2025-10-27 04:49:19,673 [INFO] Start tanking fuel...
2025-10-27 04:49:20,686 [INFO] Pobieram poziom paliwa z sensora 100.0
2025-10-27 04:49:21,196 [INFO] Stop tanking fuel
2025-10-27 04:49:21,198 [INFO] Fuel refueling valve closed.
2025-10-27 05:22:08,615 [INFO] Oxidizer heater valve opened.
2025-10-27 05:22:08,619 [INFO] Start monitoring pressure for launch...
2025-10-27 05:24:07,370 [INFO] Oxidizer heater valve opened.
2025-10-27 05:24:07,371 [INFO] Start monitoring pressure for launch...
2025-10-27 05:38:00,384 [INFO] Oxidizer heater valve opened.
2025-10-27 05:38:00,385 [INFO] Start monitoring pressure for launch...
2025-10-27 05:41:49,878 [INFO] Oxidizer heater valve opened.
2025-10-27 05:41:49,880 [INFO] Start monitoring pressure for launch...
2025-10-27 05:42:36,518 [INFO] Oxidizer heater valve opened.
2025-10-27 05:42:36,518 [INFO] Start monitoring pressure for launch...
2025-10-27 05:46:55,033 [INFO] Oxidizer heater valve opened.
2025-10-27 05:46:55,034 [INFO] Start monitoring pressure for launch...
2025-10-27 05:47:05,421 [INFO] Oxidizer heater valve opened.
2025-10-27 05:47:05,422 [INFO] Start monitoring pressure for launch...
2025-10-27 05:48:49,654 [INFO] Oxidizer heater valve opened.
2025-10-27 05:48:49,654 [INFO] Start monitoring pressure for launch...
2025-10-27 05:50:33,649 [INFO] Oxidizer heater valve opened.
2025-10-27 05:50:33,650 [INFO] Start monitoring pressure for launch...
2025-10-27 05:51:52,985 [INFO] Oxidizer heater valve opened.
2025-10-27 05:51:52,986 [INFO] Start monitoring pressure for launch...
2025-10-27 05:52:14,412 [INFO] Oxidizer heater valve opened.
2025-10-27 05:52:14,414 [INFO] Start monitoring pressure for launch...
2025-10-27 05:53:44,136 [INFO] Oxidizer heater valve opened.
2025-10-27 05:53:44,136 [INFO] Start monitoring pressure for launch...
2025-10-27 05:54:09,196 [INFO] Oxidizer heater valve opened.
2025-10-27 05:54:09,198 [INFO] Start monitoring pressure for launch...
2025-10-27 05:54:13,789 [INFO] Pressure is good for start.
2025-10-27 05:54:14,299 [INFO] Stop monitoring pressure
2025-10-27 17:57:39,809 [INFO] Oxidizer refueling valve opened.
2025-10-27 17:57:39,824 [INFO] Start tanking oxidizer...
