2025-10-27 17:28:55,899 [INFO] Inition sequence start.
2025-10-27 17:28:55,902 [INFO] Main fuel valve opened at 1761582535.90
2025-10-27 17:28:55,903 [INFO] Main oxidizer valve open at 1761582535.90
2025-10-27 17:28:55,904 [INFO] Main valves opened safely within: 0.00
2025-10-27 17:28:55,909 [INFO] Igniter ON
2025-10-27 17:28:55,909 [INFO] IGNITION SUCCESSFUL: LIFTOFF
2025-10-27 17:31:50,168 [INFO] Oxidizer heater valve opened.
2025-10-27 17:31:50,169 [INFO] Start monitoring pressure for launch...
2025-10-27 17:32:56,288 [INFO] Oxidizer heater valve opened.
2025-10-27 17:32:56,289 [INFO] Start monitoring pressure for launch...
2025-10-27 17:33:46,147 [INFO] Oxidizer refueling valve opened.
2025-10-27 17:33:46,147 [INFO] Start tanking oxidizer...
2025-10-27 17:33:47,679 [INFO] Pobieram poziom utleniacza z sensora 4.000369071960449
2025-10-27 17:33:52,263 [INFO] Pobieram poziom utleniacza z sensora 14.00068473815918
2025-10-27 17:33:56,843 [INFO] Pobieram poziom utleniacza z sensora 24.00090789794922
2025-10-27 17:34:01,433 [INFO] Pobieram poziom utleniacza z sensora 34.00131607055664
2025-10-27 17:34:06,019 [INFO] Pobieram poziom utleniacza z sensora 44.001651763916016
2025-10-27 17:34:10,600 [INFO] Pobieram poziom utleniacza z sensora 54.0020637512207
2025-10-27 17:34:15,173 [INFO] Pobieram poziom utleniacza z sensora 64.00250244140625
2025-10-27 17:34:19,763 [INFO] Pobieram poziom utleniacza z sensora 74.00281524658203
2025-10-27 17:34:24,357 [INFO] Pobieram poziom utleniacza z sensora 84.00321960449219
2025-10-27 17:34:28,944 [INFO] Pobieram poziom utleniacza z sensora 94.00344848632812
2025-10-27 17:34:33,524 [INFO] Pobieram poziom utleniacza z sensora 100.0
2025-10-27 17:34:34,030 [INFO] Stop tanking oxidizer
2025-10-27 17:34:34,032 [INFO] Oxidizer refueling valve closed.
2025-10-27 17:34:34,034 [INFO] Ciœnienie utleniacza OK: 30.00 bar
2025-10-27 17:34:34,035 [INFO] Fuel refueling valve opened.
2025-10-27 17:34:34,035 [INFO] Start tanking fuel...
2025-10-27 17:34:36,586 [INFO] Pobieram poziom paliwa z sensora 0.0
2025-10-27 17:34:41,169 [INFO] Pobieram poziom paliwa z sensora 0.0
2025-10-27 17:34:45,750 [INFO] Pobieram poziom paliwa z sensora 0.0
2025-10-27 17:34:50,339 [INFO] Pobieram poziom paliwa z sensora 0.0
2025-10-27 17:34:54,917 [INFO] Pobieram poziom paliwa z sensora 0.0
2025-10-27 17:34:59,497 [INFO] Pobieram poziom paliwa z sensora 0.0
2025-10-27 17:35:14,274 [INFO] Oxidizer refueling valve opened.
2025-10-27 17:35:14,275 [INFO] Start tanking oxidizer...
2025-10-27 17:35:15,289 [INFO] Pobieram poziom utleniacza z sensora 0.0
2025-10-27 17:35:20,391 [INFO] Pobieram poziom utleniacza z sensora 8.000449180603027
2025-10-27 17:35:24,964 [INFO] Pobieram poziom utleniacza z sensora 18.00472640991211
2025-10-27 17:35:29,529 [INFO] Pobieram poziom utleniacza z sensora 28.015613555908203
2025-10-27 17:35:34,108 [INFO] Pobieram poziom utleniacza z sensora 38.016056060791016
2025-10-27 17:35:38,709 [INFO] Pobieram poziom utleniacza z sensora 48.01640319824219
2025-10-27 17:35:43,291 [INFO] Pobieram poziom utleniacza z sensora 58.01676559448242
2025-10-27 17:35:47,873 [INFO] Pobieram poziom utleniacza z sensora 68.01714324951172
2025-10-27 17:35:52,456 [INFO] Pobieram poziom utleniacza z sensora 78.0174331665039
2025-10-27 17:35:57,036 [INFO] Pobieram poziom utleniacza z sensora 88.01777648925781
2025-10-27 17:36:01,635 [INFO] Pobieram poziom utleniacza z sensora 98.0234375
2025-10-27 17:36:06,226 [INFO] Pobieram poziom utleniacza z sensora 100.0
2025-10-27 17:36:06,739 [INFO] Stop tanking oxidizer
2025-10-27 17:36:06,740 [INFO] Oxidizer refueling valve closed.
2025-10-27 17:36:06,742 [INFO] Ciœnienie utleniacza OK: 30.00 bar
2025-10-27 17:36:06,743 [INFO] Fuel refueling valve opened.
2025-10-27 17:36:06,744 [INFO] Start tanking fuel...
2025-10-27 17:36:09,280 [INFO] Pobieram poziom paliwa z sensora 0.0
2025-10-27 17:36:13,879 [INFO] Pobieram poziom paliwa z sensora 0.0
2025-10-27 17:36:18,460 [INFO] Pobieram poziom paliwa z sensora 0.0
2025-10-27 17:36:23,051 [INFO] Pobieram poziom paliwa z sensora 0.0
2025-10-27 17:36:27,622 [INFO] Pobieram poziom paliwa z sensora 0.0
2025-10-27 17:36:32,188 [INFO] Pobieram poziom paliwa z sensora 0.0
2025-10-27 17:36:36,771 [INFO] Pobieram poziom paliwa z sensora 0.0
2025-10-27 17:36:41,353 [INFO] Pobieram poziom paliwa z sensora 0.0
2025-10-27 17:36:45,942 [INFO] Pobieram poziom paliwa z sensora 0.0
2025-10-27 17:36:50,561 [INFO] Pobieram poziom paliwa z sensora 0.0
2025-10-27 17:36:55,135 [INFO] Pobieram poziom paliwa z sensora 0.0
2025-10-27 17:36:59,715 [INFO] Pobieram poziom paliwa z sensora 0.0
2025-10-27 17:37:04,305 [INFO] Pobieram poziom paliwa z sensora 0.0
2025-10-27 17:37:08,891 [INFO] Pobieram poziom paliwa z sensora 0.0
2025-10-27 17:37:13,489 [INFO] Pobieram poziom paliwa z sensora 0.0
2025-10-27 17:37:18,067 [INFO] Pobieram poziom paliwa z sensora 0.0
2025-10-27 17:37:22,649 [INFO] Pobieram poziom paliwa z sensora 0.0
2025-10-27 17:37:27,244 [INFO] Pobieram poziom paliwa z sensora 0.0
2025-10-27 17:37:31,831 [INFO] Pobieram poziom paliwa z sensora 0.0
2025-10-27 17:37:36,416 [INFO] Pobieram poziom paliwa z sensora 0.0
2025-10-27 17:37:41,014 [INFO] Pobieram poziom paliwa z sensora 0.0
2025-10-27 17:37:45,599 [INFO] Pobieram poziom paliwa z sensora 0.0
2025-10-27 17:37:50,182 [INFO] Pobieram poziom paliwa z sensora 0.0
2025-10-27 17:37:54,773 [INFO] Pobieram poziom paliwa z sensora 0.0
2025-10-27 17:37:59,353 [INFO] Pobieram poziom paliwa z sensora 0.0
2025-10-27 17:38:03,924 [INFO] Pobieram poziom paliwa z sensora 0.0
2025-10-27 17:38:08,507 [INFO] Pobieram poziom paliwa z sensora 0.0
2025-10-27 17:38:13,073 [INFO] Pobieram poziom paliwa z sensora 0.0
2025-10-27 17:38:17,652 [INFO] Pobieram poziom paliwa z sensora 0.0
2025-10-27 17:38:22,219 [INFO] Pobieram poziom paliwa z sensora 0.0
2025-10-27 17:38:26,792 [INFO] Pobieram poziom paliwa z sensora 0.0
2025-10-27 17:38:31,362 [INFO] Pobieram poziom paliwa z sensora 0.0
2025-10-27 17:38:35,948 [INFO] Pobieram poziom paliwa z sensora 0.0
2025-10-27 17:38:40,553 [INFO] Pobieram poziom paliwa z sensora 0.0
2025-10-27 17:38:45,127 [INFO] Pobieram poziom paliwa z sensora 0.0
2025-10-27 17:38:49,700 [INFO] Pobieram poziom paliwa z sensora 0.0
2025-10-27 17:38:54,264 [INFO] Pobieram poziom paliwa z sensora 0.0
2025-10-27 17:38:58,825 [INFO] Pobieram poziom paliwa z sensora 0.0
2025-10-27 17:39:03,400 [INFO] Pobieram poziom paliwa z sensora 0.0
2025-10-27 17:39:07,969 [INFO] Pobieram poziom paliwa z sensora 0.0
2025-10-27 17:39:12,535 [INFO] Pobieram poziom paliwa z sensora 0.0
2025-10-27 17:39:18,136 [INFO] Pobieram poziom paliwa z sensora 4.000154972076416
2025-10-27 17:39:22,704 [INFO] Pobieram poziom paliwa z sensora 14.000435829162598
2025-10-27 17:39:27,291 [INFO] Pobieram poziom paliwa z sensora 24.000743865966797
2025-10-27 17:39:31,887 [INFO] Pobieram poziom paliwa z sensora 34.000946044921875
2025-10-27 17:39:36,475 [INFO] Pobieram poziom paliwa z sensora 44.00150680541992
2025-10-27 17:39:41,045 [INFO] Pobieram poziom paliwa z sensora 54.001773834228516
2025-10-27 17:39:45,617 [INFO] Pobieram poziom paliwa z sensora 64.0021743774414
2025-10-27 17:39:50,199 [INFO] Pobieram poziom paliwa z sensora 74.00241088867188
2025-10-27 17:39:54,779 [INFO] Pobieram poziom paliwa z sensora 84.0027084350586
2025-10-27 17:40:07,823 [INFO] Oxidizer refueling valve opened.
2025-10-27 17:40:07,824 [INFO] Start tanking oxidizer...
2025-10-27 17:40:09,353 [INFO] Pobieram poziom utleniacza z sensora 3.000049114227295
2025-10-27 17:40:13,925 [INFO] Pobieram poziom utleniacza z sensora 13.00035285949707
2025-10-27 17:40:18,493 [INFO] Pobieram poziom utleniacza z sensora 23.0007266998291
2025-10-27 17:40:23,078 [INFO] Pobieram poziom utleniacza z sensora 33.008094787597656
2025-10-27 17:40:27,671 [INFO] Pobieram poziom utleniacza z sensora 43.00920867919922
2025-10-27 17:40:32,260 [INFO] Pobieram poziom utleniacza z sensora 53.00963592529297
2025-10-27 17:40:36,877 [INFO] Pobieram poziom utleniacza z sensora 63.01080322265625
2025-10-27 17:40:41,474 [INFO] Pobieram poziom utleniacza z sensora 73.01115417480469
2025-10-27 17:40:46,055 [INFO] Pobieram poziom utleniacza z sensora 83.0114974975586
2025-10-27 17:40:50,635 [INFO] Pobieram poziom utleniacza z sensora 93.0118637084961
2025-10-27 17:40:55,228 [INFO] Pobieram poziom utleniacza z sensora 100.0
2025-10-27 17:40:55,737 [INFO] Stop tanking oxidizer
2025-10-27 17:40:55,738 [INFO] Oxidizer refueling valve closed.
2025-10-27 17:40:55,742 [INFO] Ciœnienie utleniacza OK: 30.00 bar
2025-10-27 17:40:55,743 [INFO] Fuel refueling valve opened.
2025-10-27 17:40:55,744 [INFO] Start tanking fuel...
2025-10-27 17:40:58,289 [INFO] Pobieram poziom paliwa z sensora 0.0
2025-10-27 17:41:02,888 [INFO] Pobieram poziom paliwa z sensora 0.0
2025-10-27 17:41:07,485 [INFO] Pobieram poziom paliwa z sensora 0.0
2025-10-27 17:41:12,078 [INFO] Pobieram poziom paliwa z sensora 0.0
2025-10-27 17:41:16,674 [INFO] Pobieram poziom paliwa z sensora 0.0
2025-10-27 17:41:21,271 [INFO] Pobieram poziom paliwa z sensora 0.0
2025-10-27 17:41:25,865 [INFO] Pobieram poziom paliwa z sensora 0.0
2025-10-27 17:41:30,435 [INFO] Pobieram poziom paliwa z sensora 0.0
2025-10-27 17:41:35,012 [INFO] Pobieram poziom paliwa z sensora 0.0
2025-10-27 17:41:39,605 [INFO] Pobieram poziom paliwa z sensora 0.0
2025-10-27 17:41:44,195 [INFO] Pobieram poziom paliwa z sensora 0.0
2025-10-27 17:41:48,793 [INFO] Pobieram poziom paliwa z sensora 0.0
2025-10-27 17:41:53,367 [INFO] Pobieram poziom paliwa z sensora 0.0
2025-10-27 17:41:57,963 [INFO] Pobieram poziom paliwa z sensora 0.0
2025-10-27 17:42:02,541 [INFO] Pobieram poziom paliwa z sensora 0.0
2025-10-27 17:42:07,111 [INFO] Pobieram poziom paliwa z sensora 0.0
2025-10-27 17:42:11,711 [INFO] Pobieram poziom paliwa z sensora 0.0
2025-10-27 17:42:16,337 [INFO] Pobieram poziom paliwa z sensora 0.0
2025-10-27 17:42:20,916 [INFO] Pobieram poziom paliwa z sensora 0.0
2025-10-27 17:42:25,506 [INFO] Pobieram poziom paliwa z sensora 0.0
2025-10-27 17:42:30,087 [INFO] Pobieram poziom paliwa z sensora 0.0
2025-10-27 17:42:34,651 [INFO] Pobieram poziom paliwa z sensora 0.0
2025-10-27 17:42:39,225 [INFO] Pobieram poziom paliwa z sensora 0.0
2025-10-27 17:42:43,815 [INFO] Pobieram poziom paliwa z sensora 0.0
2025-10-27 17:42:48,413 [INFO] Pobieram poziom paliwa z sensora 0.0
2025-10-27 17:42:53,011 [INFO] Pobieram poziom paliwa z sensora 0.0
2025-10-27 17:42:57,581 [INFO] Pobieram poziom paliwa z sensora 0.0
2025-10-27 17:43:02,146 [INFO] Pobieram poziom paliwa z sensora 0.0
2025-10-27 17:43:06,724 [INFO] Pobieram poziom paliwa z sensora 0.0
2025-10-27 17:43:11,300 [INFO] Pobieram poziom paliwa z sensora 0.0
2025-10-27 17:43:15,870 [INFO] Pobieram poziom paliwa z sensora 0.0
2025-10-27 17:43:20,450 [INFO] Pobieram poziom paliwa z sensora 0.0
2025-10-27 17:43:25,017 [INFO] Pobieram poziom paliwa z sensora 0.0
2025-10-27 17:43:29,606 [INFO] Pobieram poziom paliwa z sensora 0.0
2025-10-27 17:43:34,192 [INFO] Pobieram poziom paliwa z sensora 0.0
2025-10-27 17:43:38,759 [INFO] Pobieram poziom paliwa z sensora 0.0
2025-10-27 17:43:43,342 [INFO] Pobieram poziom paliwa z sensora 0.0
2025-10-27 17:43:48,938 [INFO] Pobieram poziom paliwa z sensora 4.000141143798828
2025-10-27 17:43:53,515 [INFO] Pobieram poziom paliwa z sensora 14.000372886657715
2025-10-27 17:43:58,097 [INFO] Pobieram poziom paliwa z sensora 24.00481414794922
2025-10-27 17:44:02,681 [INFO] Pobieram poziom paliwa z sensora 34.00511932373047
2025-10-27 17:44:07,262 [INFO] Pobieram poziom paliwa z sensora 44.00540542602539
2025-10-27 17:44:11,838 [INFO] Pobieram poziom paliwa z sensora 54.00567626953125
2025-10-27 17:44:16,421 [INFO] Pobieram poziom paliwa z sensora 64.00621032714844
2025-10-27 17:44:21,013 [INFO] Pobieram poziom paliwa z sensora 74.00657653808594
2025-10-27 17:44:25,595 [INFO] Pobieram poziom paliwa z sensora 84.00703430175781
2025-10-27 17:44:30,191 [INFO] Pobieram poziom paliwa z sensora 94.00733184814453
2025-10-27 17:44:34,763 [INFO] Pobieram poziom paliwa z sensora 100.0
2025-10-27 17:44:35,272 [INFO] Stop tanking fuel
2025-10-27 17:44:35,274 [INFO] Fuel refueling valve closed.
2025-10-27 17:44:35,275 [INFO] Oxidizer heater valve opened.
2025-10-27 17:44:35,275 [INFO] Start monitoring pressure for launch...
2025-10-27 17:47:48,526 [INFO] Oxidizer refueling valve opened.
2025-10-27 17:47:48,528 [INFO] Start tanking oxidizer...
2025-10-27 17:48:13,102 [INFO] Oxidizer refueling valve opened.
2025-10-27 17:48:13,103 [INFO] Start tanking oxidizer...
2025-10-27 17:48:14,624 [INFO] Pobieram poziom utleniacza z sensora 100.0
2025-10-27 17:48:15,128 [INFO] Stop tanking oxidizer
2025-10-27 17:48:15,131 [INFO] Oxidizer refueling valve closed.
2025-10-27 17:48:15,134 [INFO] Ciœnienie utleniacza OK: 30.00 bar
2025-10-27 17:48:15,135 [INFO] Fuel refueling valve opened.
2025-10-27 17:48:15,137 [INFO] Start tanking fuel...
2025-10-27 17:48:24,662 [INFO] Oxidizer refueling valve opened.
2025-10-27 17:48:24,663 [INFO] Start tanking oxidizer...
2025-10-27 17:48:26,186 [INFO] Pobieram poziom utleniacza z sensora 100.0
2025-10-27 17:48:26,697 [INFO] Stop tanking oxidizer
2025-10-27 17:48:26,698 [INFO] Oxidizer refueling valve closed.
2025-10-27 17:48:26,701 [INFO] Ciœnienie utleniacza OK: 30.00 bar
2025-10-27 17:48:26,704 [INFO] Fuel refueling valve opened.
2025-10-27 17:48:26,705 [INFO] Start tanking fuel...
2025-10-27 17:48:29,252 [INFO] Pobieram poziom paliwa z sensora 100.0
2025-10-27 17:48:29,759 [INFO] Stop tanking fuel
2025-10-27 17:48:29,761 [INFO] Fuel refueling valve closed.
2025-10-27 17:48:29,762 [INFO] Oxidizer heater valve opened.
2025-10-27 17:48:29,762 [INFO] Start monitoring pressure for launch...
2025-10-27 17:49:30,879 [INFO] Oxidizer refueling valve opened.
2025-10-27 17:49:30,881 [INFO] Start tanking oxidizer...
2025-10-27 17:49:32,418 [INFO] Pobieram poziom utleniacza z sensora 6.0005669593811035
2025-10-27 17:49:36,998 [INFO] Pobieram poziom utleniacza z sensora 16.005691528320312
2025-10-27 17:49:41,577 [INFO] Pobieram poziom utleniacza z sensora 26.006206512451172
2025-10-27 17:49:46,150 [INFO] Pobieram poziom utleniacza z sensora 36.00815200805664
2025-10-27 17:49:50,754 [INFO] Pobieram poziom utleniacza z sensora 46.00898742675781
2025-10-27 17:49:55,350 [INFO] Pobieram poziom utleniacza z sensora 56.0371208190918
2025-10-27 17:49:59,954 [INFO] Pobieram poziom utleniacza z sensora 66.35025787353516
2025-10-27 17:50:04,541 [INFO] Pobieram poziom utleniacza z sensora 76.35066986083984
2025-10-27 17:50:09,123 [INFO] Pobieram poziom utleniacza z sensora 86.48216247558594
2025-10-27 17:50:13,710 [INFO] Pobieram poziom utleniacza z sensora 96.4827880859375
2025-10-27 17:50:18,297 [INFO] Pobieram poziom utleniacza z sensora 100.0
2025-10-27 17:50:18,802 [INFO] Stop tanking oxidizer
2025-10-27 17:50:18,804 [INFO] Oxidizer refueling valve closed.
2025-10-27 17:50:18,808 [INFO] Ciœnienie utleniacza OK: 30.00 bar
2025-10-27 17:50:18,810 [INFO] Fuel refueling valve opened.
2025-10-27 17:50:18,811 [INFO] Start tanking fuel...
2025-10-27 17:50:21,359 [INFO] Pobieram poziom paliwa z sensora 0.0
2025-10-27 17:50:25,955 [INFO] Pobieram poziom paliwa z sensora 0.0
2025-10-27 17:50:30,524 [INFO] Pobieram poziom paliwa z sensora 0.0
2025-10-27 17:50:35,107 [INFO] Pobieram poziom paliwa z sensora 0.0
2025-10-27 17:50:39,686 [INFO] Pobieram poziom paliwa z sensora 0.0
2025-10-27 17:50:44,259 [INFO] Pobieram poziom paliwa z sensora 0.0
2025-10-27 17:50:48,837 [INFO] Pobieram poziom paliwa z sensora 0.0
2025-10-27 17:50:53,424 [INFO] Pobieram poziom paliwa z sensora 0.0
2025-10-27 17:50:58,017 [INFO] Pobieram poziom paliwa z sensora 0.0
2025-10-27 17:51:02,584 [INFO] Pobieram poziom paliwa z sensora 0.0
2025-10-27 17:51:07,172 [INFO] Pobieram poziom paliwa z sensora 0.0
2025-10-27 17:51:29,599 [INFO] Oxidizer refueling valve opened.
2025-10-27 17:51:29,599 [INFO] Start tanking oxidizer...
2025-10-27 17:51:31,134 [INFO] Pobieram poziom utleniacza z sensora 6.000290870666504
2025-10-27 17:51:35,735 [INFO] Pobieram poziom utleniacza z sensora 16.000564575195312
2025-10-27 17:51:40,301 [INFO] Pobieram poziom utleniacza z sensora 26.00102424621582
2025-10-27 17:51:44,891 [INFO] Pobieram poziom utleniacza z sensora 36.001399993896484
2025-10-27 17:51:49,480 [INFO] Pobieram poziom utleniacza z sensora 46.00178909301758
2025-10-27 17:51:54,077 [INFO] Pobieram poziom utleniacza z sensora 56.00230407714844
2025-10-27 17:51:58,654 [INFO] Pobieram poziom utleniacza z sensora 66.0027084350586
2025-10-27 17:52:03,257 [INFO] Pobieram poziom utleniacza z sensora 76.00360870361328
2025-10-27 17:52:07,846 [INFO] Pobieram poziom utleniacza z sensora 86.04940032958984
2025-10-27 17:52:12,420 [INFO] Pobieram poziom utleniacza z sensora 96.05220031738281
2025-10-27 17:52:16,999 [INFO] Pobieram poziom utleniacza z sensora 100.0
2025-10-27 17:52:17,510 [INFO] Stop tanking oxidizer
2025-10-27 17:52:17,511 [INFO] Oxidizer refueling valve closed.
2025-10-27 17:52:17,515 [INFO] Ciœnienie utleniacza OK: 30.00 bar
2025-10-27 17:52:17,518 [INFO] Fuel refueling valve opened.
2025-10-27 17:52:17,519 [INFO] Start tanking fuel...
2025-10-27 17:53:34,043 [INFO] Oxidizer refueling valve opened.
2025-10-27 17:53:34,044 [INFO] Start tanking oxidizer...
2025-10-27 17:53:35,576 [INFO] Pobieram poziom utleniacza z sensora 0.0
2025-10-27 17:53:40,163 [INFO] Pobieram poziom utleniacza z sensora 10.060330390930176
2025-10-27 17:53:44,727 [INFO] Pobieram poziom utleniacza z sensora 20.076433181762695
2025-10-27 17:53:49,319 [INFO] Pobieram poziom utleniacza z sensora 30.07711410522461
2025-10-27 17:53:53,884 [INFO] Pobieram poziom utleniacza z sensora 40.07746505737305
2025-10-27 17:53:58,463 [INFO] Pobieram poziom utleniacza z sensora 50.078792572021484
2025-10-27 17:54:03,105 [INFO] Pobieram poziom utleniacza z sensora 60.079471588134766
2025-10-27 17:54:07,664 [INFO] Pobieram poziom utleniacza z sensora 70.079833984375
2025-10-27 17:54:12,240 [INFO] Pobieram poziom utleniacza z sensora 80.0802001953125
2025-10-27 17:54:16,840 [INFO] Pobieram poziom utleniacza z sensora 90.08079528808594
2025-10-27 17:54:21,425 [INFO] Pobieram poziom utleniacza z sensora 100.0
2025-10-27 17:54:21,931 [INFO] Stop tanking oxidizer
2025-10-27 17:54:21,933 [INFO] Oxidizer refueling valve closed.
2025-10-27 17:54:21,936 [ERROR] UWAGA: Ciœnienie utleniacza powinno osi¹gn¹æ oko³o 30 bar, a osi¹ga 20.02 bar
2025-10-27 17:54:21,936 [ERROR] Launch aborted
2025-10-27 17:57:59,027 [INFO] Oxidizer refueling valve opened.
2025-10-27 17:57:59,028 [INFO] Start tanking oxidizer...
2025-10-27 17:57:59,987 [INFO] Pobieram poziom utleniacza z sensora 8.000497817993164
2025-10-27 17:58:00,990 [INFO] Pobieram poziom utleniacza z sensora 18.00482177734375
2025-10-27 17:58:01,986 [INFO] Pobieram poziom utleniacza z sensora 28.045448303222656
2025-10-27 17:58:02,987 [INFO] Pobieram poziom utleniacza z sensora 38.045658111572266
2025-10-27 17:58:03,986 [INFO] Pobieram poziom utleniacza z sensora 48.04635238647461
2025-10-27 17:58:04,987 [INFO] Pobieram poziom utleniacza z sensora 58.046634674072266
2025-10-27 17:58:05,988 [INFO] Pobieram poziom utleniacza z sensora 68.04710388183594
2025-10-27 17:58:06,987 [INFO] Pobieram poziom utleniacza z sensora 78.04750061035156
2025-10-27 17:58:07,985 [INFO] Pobieram poziom utleniacza z sensora 88.12580871582031
2025-10-27 17:58:08,987 [INFO] Pobieram poziom utleniacza z sensora 98.12622833251953
2025-10-27 17:58:09,987 [INFO] Pobieram poziom utleniacza z sensora 100.0
2025-10-27 17:58:09,987 [INFO] Stop tanking oxidizer
2025-10-27 17:58:09,990 [INFO] Oxidizer refueling valve closed.
2025-10-27 17:58:09,994 [INFO] Ciœnienie utleniacza OK: 30.00 bar
2025-10-27 17:58:09,995 [INFO] Fuel refueling valve opened.
2025-10-27 17:58:09,996 [INFO] Start tanking fuel...
2025-10-27 17:58:13,572 [INFO] Pobieram poziom paliwa z sensora 9.000527381896973
2025-10-27 17:58:18,157 [INFO] Pobieram poziom paliwa z sensora 19.001232147216797
2025-10-27 17:58:22,756 [INFO] Pobieram poziom paliwa z sensora 29.001657485961914
2025-10-27 17:58:27,344 [INFO] Pobieram poziom paliwa z sensora 39.00217819213867
2025-10-27 17:58:31,946 [INFO] Pobieram poziom paliwa z sensora 49.12839126586914
2025-10-27 17:58:36,539 [INFO] Pobieram poziom paliwa z sensora 59.1287841796875
2025-10-27 17:58:41,136 [INFO] Pobieram poziom paliwa z sensora 69.12922668457031
2025-10-27 17:58:45,716 [INFO] Pobieram poziom paliwa z sensora 79.12962341308594
2025-10-27 17:58:50,320 [INFO] Pobieram poziom paliwa z sensora 89.12999725341797
2025-10-27 17:58:54,906 [INFO] Pobieram poziom paliwa z sensora 99.1303482055664
2025-10-27 17:58:59,496 [INFO] Pobieram poziom paliwa z sensora 100.0
2025-10-27 17:59:00,005 [INFO] Stop tanking fuel
2025-10-27 17:59:00,007 [INFO] Fuel refueling valve closed.
2025-10-27 17:59:00,010 [INFO] Oxidizer heater valve opened.
2025-10-27 17:59:00,011 [INFO] Start monitoring pressure for launch...
2025-10-27 17:59:54,168 [INFO] Oxidizer refueling valve opened.
2025-10-27 17:59:54,169 [INFO] Start tanking oxidizer...
2025-10-27 17:59:54,627 [INFO] Pobieram poziom utleniacza z sensora 3.0000898838043213
2025-10-27 17:59:55,625 [INFO] Pobieram poziom utleniacza z sensora 13.045848846435547
2025-10-27 17:59:56,626 [INFO] Pobieram poziom utleniacza z sensora 23.046571731567383
2025-10-27 17:59:57,625 [INFO] Pobieram poziom utleniacza z sensora 33.047054290771484
2025-10-27 17:59:58,626 [INFO] Pobieram poziom utleniacza z sensora 43.04765319824219
2025-10-27 17:59:59,624 [INFO] Pobieram poziom utleniacza z sensora 53.048152923583984
2025-10-27 18:00:00,625 [INFO] Pobieram poziom utleniacza z sensora 63.04853439331055
2025-10-27 18:00:01,627 [INFO] Pobieram poziom utleniacza z sensora 73.049072265625
2025-10-27 18:00:02,625 [INFO] Pobieram poziom utleniacza z sensora 83.04938507080078
2025-10-27 18:00:03,627 [INFO] Pobieram poziom utleniacza z sensora 93.04985809326172
2025-10-27 18:00:04,627 [INFO] Pobieram poziom utleniacza z sensora 100.0
2025-10-27 18:00:04,635 [INFO] Stop tanking oxidizer
2025-10-27 18:00:04,637 [INFO] Oxidizer refueling valve closed.
2025-10-27 18:00:04,640 [INFO] Ciœnienie utleniacza OK: 30.00 bar
2025-10-27 18:00:04,642 [INFO] Fuel refueling valve opened.
2025-10-27 18:00:04,643 [INFO] Start tanking fuel...
2025-10-27 18:00:05,625 [INFO] Pobieram poziom paliwa z sensora 8.001077651977539
2025-10-27 18:00:06,626 [INFO] Pobieram poziom paliwa z sensora 18.002592086791992
2025-10-27 18:00:07,624 [INFO] Pobieram poziom paliwa z sensora 28.003074645996094
2025-10-27 18:00:08,625 [INFO] Pobieram poziom paliwa z sensora 38.00368881225586
2025-10-27 18:00:09,631 [INFO] Pobieram poziom paliwa z sensora 48.004119873046875
2025-10-27 18:00:10,630 [INFO] Pobieram poziom paliwa z sensora 58.03949737548828
2025-10-27 18:00:11,625 [INFO] Pobieram poziom paliwa z sensora 68.0464096069336
2025-10-27 18:00:12,625 [INFO] Pobieram poziom paliwa z sensora 78.04761505126953
2025-10-27 18:00:13,625 [INFO] Pobieram poziom paliwa z sensora 88.04931640625
2025-10-27 18:00:14,626 [INFO] Pobieram poziom paliwa z sensora 98.05158233642578
2025-10-27 18:00:15,624 [INFO] Pobieram poziom paliwa z sensora 100.0
2025-10-27 18:00:15,625 [INFO] Stop tanking fuel
2025-10-27 18:00:15,626 [INFO] Fuel refueling valve closed.
2025-10-27 18:00:15,627 [INFO] Oxidizer heater valve opened.
2025-10-27 18:00:15,628 [INFO] Start monitoring pressure for launch...
2025-10-27 18:06:14,264 [INFO] Oxidizer refueling valve opened.
2025-10-27 18:06:14,265 [INFO] Start tanking oxidizer...
2025-10-27 18:06:15,084 [INFO] Pobieram poziom utleniacza z sensora 7.000528812408447
2025-10-27 18:06:16,085 [INFO] Pobieram poziom utleniacza z sensora 17.001035690307617
2025-10-27 18:06:17,084 [INFO] Pobieram poziom utleniacza z sensora 27.001617431640625
2025-10-27 18:06:18,083 [INFO] Pobieram poziom utleniacza z sensora 37.00213623046875
2025-10-27 18:06:19,085 [INFO] Pobieram poziom utleniacza z sensora 47.002479553222656
2025-10-27 18:06:20,082 [INFO] Pobieram poziom utleniacza z sensora 57.01883316040039
2025-10-27 18:06:21,084 [INFO] Pobieram poziom utleniacza z sensora 67.01931762695312
2025-10-27 18:06:22,084 [INFO] Pobieram poziom utleniacza z sensora 77.0198745727539
2025-10-27 18:06:23,084 [INFO] Pobieram poziom utleniacza z sensora 87.02032470703125
2025-10-27 18:06:24,085 [INFO] Pobieram poziom utleniacza z sensora 97.31942749023438
2025-10-27 18:06:25,086 [INFO] Pobieram poziom utleniacza z sensora 100.0
2025-10-27 18:06:25,086 [INFO] Stop tanking oxidizer
2025-10-27 18:06:25,089 [INFO] Oxidizer refueling valve closed.
2025-10-27 18:06:25,092 [INFO] Ciœnienie utleniacza OK: 30.00 bar
2025-10-27 18:06:25,094 [INFO] Fuel refueling valve opened.
2025-10-27 18:06:25,095 [INFO] Start tanking fuel...
2025-10-27 18:06:26,200 [INFO] Pobieram poziom paliwa z sensora 9.022123336791992
2025-10-27 18:06:27,211 [INFO] Pobieram poziom paliwa z sensora 18.893770217895508
2025-10-27 18:06:28,092 [INFO] Pobieram poziom paliwa z sensora 28.938720703125
2025-10-27 18:06:29,085 [INFO] Pobieram poziom paliwa z sensora 39.273597717285156
2025-10-27 18:06:30,084 [INFO] Pobieram poziom paliwa z sensora 49.276607513427734
2025-10-27 18:06:31,083 [INFO] Pobieram poziom paliwa z sensora 59.27715301513672
2025-10-27 18:06:32,117 [INFO] Pobieram poziom paliwa z sensora 69.29322052001953
2025-10-27 18:06:33,112 [INFO] Pobieram poziom paliwa z sensora 79.2939682006836
2025-10-27 18:06:34,085 [INFO] Pobieram poziom paliwa z sensora 89.29435729980469
2025-10-27 18:06:35,084 [INFO] Pobieram poziom paliwa z sensora 99.29476928710938
2025-10-27 18:06:36,151 [INFO] Pobieram poziom paliwa z sensora 100.0
2025-10-27 18:06:36,151 [INFO] Stop tanking fuel
2025-10-27 18:06:36,154 [INFO] Fuel refueling valve closed.
2025-10-27 18:09:12,725 [INFO] Oxidizer refueling valve opened.
2025-10-27 18:09:12,726 [INFO] Start tanking oxidizer...
2025-10-27 18:09:13,359 [INFO] Pobieram poziom utleniacza z sensora 5.000185012817383
2025-10-27 18:09:14,361 [INFO] Pobieram poziom utleniacza z sensora 15.051473617553711
2025-10-27 18:09:15,360 [INFO] Pobieram poziom utleniacza z sensora 25.05173683166504
2025-10-27 18:09:16,359 [INFO] Pobieram poziom utleniacza z sensora 35.05344772338867
2025-10-27 18:09:17,358 [INFO] Pobieram poziom utleniacza z sensora 45.053749084472656
2025-10-27 18:09:18,357 [INFO] Pobieram poziom utleniacza z sensora 55.054054260253906
2025-10-27 18:09:19,358 [INFO] Pobieram poziom utleniacza z sensora 65.05574798583984
2025-10-27 18:09:20,357 [INFO] Pobieram poziom utleniacza z sensora 75.05599212646484
2025-10-27 18:09:21,358 [INFO] Pobieram poziom utleniacza z sensora 85.05680847167969
2025-10-27 18:09:22,357 [INFO] Pobieram poziom utleniacza z sensora 95.06008911132812
2025-10-27 18:09:23,359 [INFO] Pobieram poziom utleniacza z sensora 100.0
2025-10-27 18:09:23,359 [INFO] Stop tanking oxidizer
2025-10-27 18:09:23,360 [INFO] Oxidizer refueling valve closed.
2025-10-27 18:09:23,363 [INFO] Ciœnienie utleniacza OK: 30.00 bar
2025-10-27 18:09:23,364 [INFO] Fuel refueling valve opened.
2025-10-27 18:09:23,365 [INFO] Start tanking fuel...
2025-10-27 18:09:24,357 [INFO] Pobieram poziom paliwa z sensora 9.000760078430176
2025-10-27 18:09:25,357 [INFO] Pobieram poziom paliwa z sensora 19.00316619873047
2025-10-27 18:09:26,357 [INFO] Pobieram poziom paliwa z sensora 29.003582000732422
2025-10-27 18:09:27,358 [INFO] Pobieram poziom paliwa z sensora 39.00511932373047
2025-10-27 18:09:28,360 [INFO] Pobieram poziom paliwa z sensora 49.005882263183594
2025-10-27 18:09:29,363 [INFO] Pobieram poziom paliwa z sensora 59.00640869140625
2025-10-27 18:09:30,356 [INFO] Pobieram poziom paliwa z sensora 69.00780487060547
2025-10-27 18:09:31,357 [INFO] Pobieram poziom paliwa z sensora 79.0081787109375
2025-10-27 18:09:32,357 [INFO] Pobieram poziom paliwa z sensora 89.01459503173828
2025-10-27 18:09:33,370 [INFO] Pobieram poziom paliwa z sensora 99.100341796875
2025-10-27 18:09:34,361 [INFO] Pobieram poziom paliwa z sensora 100.0
2025-10-27 18:09:34,362 [INFO] Stop tanking fuel
2025-10-27 18:09:34,364 [INFO] Fuel refueling valve closed.
2025-10-27 18:12:12,022 [INFO] Oxidizer refueling valve opened.
2025-10-27 18:12:12,023 [INFO] Start tanking oxidizer...
2025-10-27 18:12:12,559 [INFO] Pobieram poziom utleniacza z sensora 4.000219821929932
2025-10-27 18:12:13,567 [INFO] Pobieram poziom utleniacza z sensora 14.000609397888184
2025-10-27 18:12:14,560 [INFO] Pobieram poziom utleniacza z sensora 24.024429321289062
2025-10-27 18:12:15,559 [INFO] Pobieram poziom utleniacza z sensora 34.02474594116211
2025-10-27 18:12:16,561 [INFO] Pobieram poziom utleniacza z sensora 44.02568054199219
2025-10-27 18:12:17,562 [INFO] Pobieram poziom utleniacza z sensora 54.02922058105469
2025-10-27 18:12:18,559 [INFO] Pobieram poziom utleniacza z sensora 64.02967834472656
2025-10-27 18:12:19,558 [INFO] Pobieram poziom utleniacza z sensora 74.03535461425781
2025-10-27 18:12:20,562 [INFO] Pobieram poziom utleniacza z sensora 84.0361557006836
2025-10-27 18:12:21,559 [INFO] Pobieram poziom utleniacza z sensora 94.03667449951172
2025-10-27 18:12:22,558 [INFO] Pobieram poziom utleniacza z sensora 100.0
2025-10-27 18:12:22,560 [INFO] Stop tanking oxidizer
2025-10-27 18:12:22,561 [INFO] Oxidizer refueling valve closed.
2025-10-27 18:12:22,565 [INFO] Ciœnienie utleniacza OK: 30.00 bar
2025-10-27 18:12:22,566 [INFO] Fuel refueling valve opened.
2025-10-27 18:12:22,567 [INFO] Start tanking fuel...
2025-10-27 18:12:23,557 [INFO] Pobieram poziom paliwa z sensora 9.0003023147583
2025-10-27 18:12:24,559 [INFO] Pobieram poziom paliwa z sensora 19.002241134643555
2025-10-27 18:12:25,559 [INFO] Pobieram poziom paliwa z sensora 29.003446578979492
2025-10-27 18:12:26,558 [INFO] Pobieram poziom paliwa z sensora 39.00454330444336
2025-10-27 18:12:27,558 [INFO] Pobieram poziom paliwa z sensora 49.0049934387207
2025-10-27 18:12:28,559 [INFO] Pobieram poziom paliwa z sensora 59.007991790771484
2025-10-27 18:12:29,558 [INFO] Pobieram poziom paliwa z sensora 69.00880432128906
2025-10-27 18:12:30,559 [INFO] Pobieram poziom paliwa z sensora 79.0093994140625
2025-10-27 18:12:31,557 [INFO] Pobieram poziom paliwa z sensora 89.01006317138672
2025-10-27 18:12:32,558 [INFO] Pobieram poziom paliwa z sensora 99.01039123535156
2025-10-27 18:12:33,559 [INFO] Pobieram poziom paliwa z sensora 100.0
2025-10-27 18:12:33,559 [INFO] Stop tanking fuel
2025-10-27 18:12:33,561 [INFO] Fuel refueling valve closed.
2025-10-27 18:12:33,563 [INFO] Oxidizer heater valve opened.
2025-10-27 18:12:33,564 [INFO] Start monitoring pressure for launch...
2025-10-27 18:12:43,563 [INFO] Pressure is good for start.
2025-10-27 18:12:43,563 [INFO] Stop monitoring pressure
2025-10-27 18:15:00,504 [INFO] Oxidizer refueling valve opened.
2025-10-27 18:15:00,505 [INFO] Start tanking oxidizer...
2025-10-27 18:15:01,192 [INFO] Pobieram poziom utleniacza z sensora 5.00020694732666
2025-10-27 18:15:02,192 [INFO] Pobieram poziom utleniacza z sensora 15.000481605529785
2025-10-27 18:15:03,194 [INFO] Pobieram poziom utleniacza z sensora 25.0010929107666
2025-10-27 18:15:04,192 [INFO] Pobieram poziom utleniacza z sensora 35.00156021118164
2025-10-27 18:15:05,194 [INFO] Pobieram poziom utleniacza z sensora 45.001930236816406
2025-10-27 18:15:06,192 [INFO] Pobieram poziom utleniacza z sensora 55.002296447753906
2025-10-27 18:15:07,192 [INFO] Pobieram poziom utleniacza z sensora 65.00263977050781
2025-10-27 18:15:08,193 [INFO] Pobieram poziom utleniacza z sensora 75.003173828125
2025-10-27 18:15:09,197 [INFO] Pobieram poziom utleniacza z sensora 85.00383758544922
2025-10-27 18:15:10,193 [INFO] Pobieram poziom utleniacza z sensora 95.02940368652344
2025-10-27 18:15:11,191 [INFO] Pobieram poziom utleniacza z sensora 100.0
2025-10-27 18:15:11,192 [INFO] Stop tanking oxidizer
2025-10-27 18:15:11,194 [INFO] Oxidizer refueling valve closed.
2025-10-27 18:15:11,198 [INFO] Ciœnienie utleniacza OK: 30.00 bar
2025-10-27 18:15:11,199 [INFO] Fuel refueling valve opened.
2025-10-27 18:15:11,200 [INFO] Start tanking fuel...
2025-10-27 18:15:12,192 [INFO] Pobieram poziom paliwa z sensora 9.000346183776855
2025-10-27 18:15:13,190 [INFO] Pobieram poziom paliwa z sensora 19.000818252563477
2025-10-27 18:15:14,192 [INFO] Pobieram poziom paliwa z sensora 29.001293182373047
2025-10-27 18:15:15,189 [INFO] Pobieram poziom paliwa z sensora 39.00178527832031
2025-10-27 18:15:16,191 [INFO] Pobieram poziom paliwa z sensora 49.00227355957031
2025-10-27 18:15:17,204 [INFO] Pobieram poziom paliwa z sensora 59.00282669067383
2025-10-27 18:15:18,197 [INFO] Pobieram poziom paliwa z sensora 69.09375762939453
2025-10-27 18:15:19,192 [INFO] Pobieram poziom paliwa z sensora 79.09489440917969
2025-10-27 18:15:20,191 [INFO] Pobieram poziom paliwa z sensora 89.09539031982422
2025-10-27 18:15:21,191 [INFO] Pobieram poziom paliwa z sensora 99.09588623046875
2025-10-27 18:15:22,191 [INFO] Pobieram poziom paliwa z sensora 100.0
2025-10-27 18:15:22,191 [INFO] Stop tanking fuel
2025-10-27 18:15:22,193 [INFO] Fuel refueling valve closed.
2025-10-27 18:15:22,195 [INFO] Oxidizer heater valve opened.
2025-10-27 18:15:22,197 [INFO] Start monitoring pressure for launch...
2025-10-27 18:15:32,195 [INFO] Pressure is good for start.
2025-10-27 18:15:32,196 [INFO] Stop monitoring pressure
2025-10-27 18:15:32,197 [INFO] Inition sequence start.
2025-10-27 18:15:32,199 [INFO] Main fuel valve opened at 1761585332.20
2025-10-27 18:15:32,200 [INFO] Main oxidizer valve open at 1761585332.20
2025-10-27 18:15:32,200 [INFO] Main valves opened safely within: 0.00
2025-10-27 18:15:32,201 [INFO] Igniter ON
2025-10-27 18:15:32,202 [INFO] IGNITION SUCCESSFUL: LIFTOFF
2025-10-27 18:16:54,436 [INFO] Oxidizer refueling valve opened.
2025-10-27 18:16:54,436 [INFO] Start tanking oxidizer...
2025-10-27 18:16:54,481 [INFO] Pobieram poziom utleniacza z sensora 0.0
2025-10-27 18:16:55,480 [INFO] Pobieram poziom utleniacza z sensora 9.000523567199707
2025-10-27 18:16:56,484 [INFO] Pobieram poziom utleniacza z sensora 19.001445770263672
2025-10-27 18:16:57,480 [INFO] Pobieram poziom utleniacza z sensora 29.002971649169922
2025-10-27 18:16:58,481 [INFO] Pobieram poziom utleniacza z sensora 39.003482818603516
2025-10-27 18:16:59,480 [INFO] Pobieram poziom utleniacza z sensora 49.0037841796875
2025-10-27 18:17:00,480 [INFO] Pobieram poziom utleniacza z sensora 59.0045166015625
2025-10-27 18:17:01,477 [INFO] Pobieram poziom utleniacza z sensora 69.00511932373047
2025-10-27 18:17:02,480 [INFO] Pobieram poziom utleniacza z sensora 79.00564575195312
2025-10-27 18:17:03,485 [INFO] Pobieram poziom utleniacza z sensora 89.00618743896484
2025-10-27 18:17:04,484 [INFO] Pobieram poziom utleniacza z sensora 99.0096206665039
2025-10-27 18:17:05,486 [INFO] Pobieram poziom utleniacza z sensora 100.0
2025-10-27 18:17:05,487 [INFO] Stop tanking oxidizer
2025-10-27 18:17:05,490 [INFO] Oxidizer refueling valve closed.
2025-10-27 18:17:05,494 [INFO] Ciœnienie utleniacza OK: 30.00 bar
2025-10-27 18:17:05,495 [INFO] Fuel refueling valve opened.
2025-10-27 18:17:05,497 [INFO] Start tanking fuel...
2025-10-27 18:17:06,479 [INFO] Pobieram poziom paliwa z sensora 9.000487327575684
2025-10-27 18:17:07,481 [INFO] Pobieram poziom paliwa z sensora 19.001338958740234
2025-10-27 18:17:08,480 [INFO] Pobieram poziom paliwa z sensora 29.0020809173584
2025-10-27 18:17:09,479 [INFO] Pobieram poziom paliwa z sensora 39.002471923828125
2025-10-27 18:17:10,478 [INFO] Pobieram poziom paliwa z sensora 49.003448486328125
2025-10-27 18:17:11,477 [INFO] Pobieram poziom paliwa z sensora 59.00597381591797
2025-10-27 18:17:12,481 [INFO] Pobieram poziom paliwa z sensora 69.00639343261719
2025-10-27 18:17:13,479 [INFO] Pobieram poziom paliwa z sensora 79.00682067871094
2025-10-27 18:17:14,478 [INFO] Pobieram poziom paliwa z sensora 89.0073013305664
2025-10-27 18:17:15,480 [INFO] Pobieram poziom paliwa z sensora 99.00789642333984
2025-10-27 18:17:16,479 [INFO] Pobieram poziom paliwa z sensora 100.0
2025-10-27 18:17:16,480 [INFO] Stop tanking fuel
2025-10-27 18:17:16,482 [INFO] Fuel refueling valve closed.
2025-10-27 18:17:16,484 [INFO] Oxidizer heater valve opened.
2025-10-27 18:17:16,484 [INFO] Start monitoring pressure for launch...
2025-10-27 18:17:26,481 [INFO] Pressure is good for start.
2025-10-27 18:17:26,482 [INFO] Stop monitoring pressure
2025-10-27 18:17:26,484 [INFO] Inition sequence start.
2025-10-27 18:17:26,485 [INFO] Main fuel valve opened at 1761585446.49
2025-10-27 18:17:26,487 [INFO] Main oxidizer valve open at 1761585446.49
2025-10-27 18:17:26,488 [INFO] Main valves opened safely within: 0.00
2025-10-27 18:17:26,490 [INFO] Igniter ON
2025-10-27 18:17:26,491 [INFO] IGNITION SUCCESSFUL: LIFTOFF
2025-10-27 21:03:25,623 [INFO] Oxidizer refueling valve opened.
2025-10-27 21:03:25,625 [INFO] Start tanking oxidizer...
2025-10-27 21:03:25,741 [INFO] Pobieram poziom utleniacza z sensora 0.0
2025-10-27 21:03:26,742 [INFO] Pobieram poziom utleniacza z sensora 10.000348091125488
2025-10-27 21:03:27,744 [INFO] Pobieram poziom utleniacza z sensora 20.001447677612305
2025-10-27 21:03:28,742 [INFO] Pobieram poziom utleniacza z sensora 30.00181770324707
2025-10-27 21:03:29,741 [INFO] Pobieram poziom utleniacza z sensora 40.002323150634766
2025-10-27 21:03:30,740 [INFO] Pobieram poziom utleniacza z sensora 50.00259780883789
2025-10-27 21:03:31,742 [INFO] Pobieram poziom utleniacza z sensora 60.002899169921875
2025-10-27 21:03:32,741 [INFO] Pobieram poziom utleniacza z sensora 70.00315856933594
2025-10-27 21:03:33,740 [INFO] Pobieram poziom utleniacza z sensora 80.0035171508789
2025-10-27 21:03:34,744 [INFO] Pobieram poziom utleniacza z sensora 90.00394439697266
2025-10-27 21:03:35,743 [INFO] Pobieram poziom utleniacza z sensora 100.0
2025-10-27 21:03:35,743 [INFO] Stop tanking oxidizer
2025-10-27 21:03:35,744 [INFO] Oxidizer refueling valve closed.
2025-10-27 21:03:35,747 [ERROR] ERROR: Launch aborted, ciœnienie utleniacza powinno osi¹gn¹æ oko³o 30 bar, a osi¹ga 20.00 bar
2025-10-27 21:04:06,732 [INFO] Oxidizer refueling valve opened.
2025-10-27 21:04:06,733 [INFO] Start tanking oxidizer...
2025-10-27 21:04:07,649 [INFO] Pobieram poziom utleniacza z sensora 8.000276565551758
2025-10-27 21:04:08,651 [INFO] Pobieram poziom utleniacza z sensora 18.000783920288086
2025-10-27 21:04:09,652 [INFO] Pobieram poziom utleniacza z sensora 28.15708351135254
2025-10-27 21:04:10,651 [INFO] Pobieram poziom utleniacza z sensora 38.157371520996094
2025-10-27 21:04:11,650 [INFO] Pobieram poziom utleniacza z sensora 48.15769577026367
2025-10-27 21:04:12,650 [INFO] Pobieram poziom utleniacza z sensora 58.157901763916016
2025-10-27 21:04:13,649 [INFO] Pobieram poziom utleniacza z sensora 68.15827178955078
2025-10-27 21:04:14,649 [INFO] Pobieram poziom utleniacza z sensora 78.1586685180664
2025-10-27 21:04:15,649 [INFO] Pobieram poziom utleniacza z sensora 88.1600112915039
2025-10-27 21:04:16,650 [INFO] Pobieram poziom utleniacza z sensora 98.16063690185547
2025-10-27 21:04:17,650 [INFO] Pobieram poziom utleniacza z sensora 100.0
2025-10-27 21:04:17,651 [INFO] Stop tanking oxidizer
2025-10-27 21:04:17,652 [INFO] Oxidizer refueling valve closed.
2025-10-27 21:04:17,654 [INFO] Ciœnienie utleniacza OK: 30.00 bar
2025-10-27 21:04:17,656 [INFO] Fuel refueling valve opened.
2025-10-27 21:04:17,657 [INFO] Start tanking fuel...
2025-10-27 21:04:18,650 [INFO] Pobieram poziom paliwa z sensora 9.001299858093262
2025-10-27 21:04:19,649 [INFO] Pobieram poziom paliwa z sensora 19.001665115356445
2025-10-27 21:04:20,650 [INFO] Pobieram poziom paliwa z sensora 29.002037048339844
2025-10-27 21:04:21,649 [INFO] Pobieram poziom paliwa z sensora 39.002445220947266
2025-10-27 21:04:22,649 [INFO] Pobieram poziom paliwa z sensora 49.00291442871094
2025-10-27 21:04:23,650 [INFO] Pobieram poziom paliwa z sensora 59.00321578979492
2025-10-27 21:04:24,650 [INFO] Pobieram poziom paliwa z sensora 69.00357818603516
2025-10-27 21:04:25,649 [INFO] Pobieram poziom paliwa z sensora 79.00416564941406
2025-10-27 21:04:26,652 [INFO] Pobieram poziom paliwa z sensora 89.00453186035156
2025-10-27 21:04:27,652 [INFO] Pobieram poziom paliwa z sensora 99.00828552246094
2025-10-27 21:04:28,651 [INFO] Pobieram poziom paliwa z sensora 100.0
2025-10-27 21:04:28,651 [INFO] Stop tanking fuel
2025-10-27 21:04:28,651 [INFO] Fuel refueling valve closed.
2025-10-27 21:04:28,652 [INFO] Oxidizer heater valve opened.
2025-10-27 21:04:28,653 [INFO] Start monitoring pressure for launch...
2025-10-27 21:04:39,653 [INFO] Pressure is good for start.
2025-10-27 21:04:39,653 [INFO] Stop monitoring pressure
2025-10-27 21:04:39,654 [INFO] Inition sequence start.
2025-10-27 21:04:39,655 [INFO] Main fuel valve opened at 1761595479.66
2025-10-27 21:04:39,657 [INFO] Main oxidizer valve open at 1761595479.66
2025-10-27 21:04:39,657 [INFO] Main valves opened safely within: 0.00
2025-10-27 21:04:39,658 [INFO] Igniter ON
2025-10-27 21:04:39,659 [INFO] IGNITION SUCCESSFUL: LIFTOFF!
2025-10-27 21:04:39,659 [INFO] LOT RAKIETY
2025-10-27 21:04:59,651 [ERROR] The APOGEE has been reached
2025-10-27 21:07:00,981 [INFO] Oxidizer refueling valve opened.
2025-10-27 21:07:00,982 [INFO] Start tanking oxidizer...
2025-10-27 21:07:01,443 [INFO] Pobieram poziom utleniacza z sensora 3.0002241134643555
2025-10-27 21:07:02,421 [INFO] Pobieram poziom utleniacza z sensora 13.00367259979248
2025-10-27 21:07:03,418 [INFO] Pobieram poziom utleniacza z sensora 23.01922035217285
2025-10-27 21:07:04,416 [INFO] Pobieram poziom utleniacza z sensora 33.019676208496094
2025-10-27 21:07:05,418 [INFO] Pobieram poziom utleniacza z sensora 43.020076751708984
2025-10-27 21:07:06,429 [INFO] Pobieram poziom utleniacza z sensora 53.022926330566406
2025-10-27 21:07:07,420 [INFO] Pobieram poziom utleniacza z sensora 63.0295295715332
2025-10-27 21:07:08,467 [INFO] Pobieram poziom utleniacza z sensora 73.03003692626953
2025-10-27 21:07:09,491 [INFO] Pobieram poziom utleniacza z sensora 83.15065002441406
2025-10-27 21:07:10,453 [INFO] Pobieram poziom utleniacza z sensora 93.19597625732422
2025-10-27 21:07:11,440 [INFO] Pobieram poziom utleniacza z sensora 100.0
2025-10-27 21:07:11,441 [INFO] Stop tanking oxidizer
2025-10-27 21:07:11,443 [INFO] Oxidizer refueling valve closed.
2025-10-27 21:07:11,446 [INFO] Ciœnienie utleniacza OK: 30.00 bar
2025-10-27 21:07:11,450 [INFO] Fuel refueling valve opened.
2025-10-27 21:07:11,451 [INFO] Start tanking fuel...
2025-10-27 21:07:12,437 [INFO] Pobieram poziom paliwa z sensora 9.016956329345703
2025-10-27 21:07:13,438 [INFO] Pobieram poziom paliwa z sensora 19.017318725585938
2025-10-27 21:07:14,468 [INFO] Pobieram poziom paliwa z sensora 29.01770782470703
2025-10-27 21:07:15,440 [INFO] Pobieram poziom paliwa z sensora 39.13628387451172
2025-10-27 21:07:16,434 [INFO] Pobieram poziom paliwa z sensora 49.136566162109375
2025-10-27 21:07:17,467 [INFO] Pobieram poziom paliwa z sensora 59.14257049560547
2025-10-27 21:07:18,484 [INFO] Pobieram poziom paliwa z sensora 69.15177917480469
2025-10-27 21:07:19,488 [INFO] Pobieram poziom paliwa z sensora 79.32484436035156
2025-10-27 21:07:20,494 [INFO] Pobieram poziom paliwa z sensora 89.37738800048828
2025-10-27 21:07:21,565 [INFO] Pobieram poziom paliwa z sensora 98.70201110839844
2025-10-27 21:07:23,037 [INFO] Pobieram poziom paliwa z sensora 100.0
2025-10-27 21:07:23,038 [INFO] Stop tanking fuel
2025-10-27 21:07:23,043 [INFO] Fuel refueling valve closed.
2025-10-27 21:07:23,128 [INFO] Oxidizer heater valve opened.
2025-10-27 21:07:23,138 [INFO] Start monitoring pressure for launch...
2025-10-27 21:07:33,462 [INFO] Pressure is good for start.
2025-10-27 21:07:33,464 [INFO] Stop monitoring pressure
2025-10-27 21:07:33,470 [INFO] Inition sequence start.
2025-10-27 21:07:33,473 [INFO] Main fuel valve opened at 1761595653.47
2025-10-27 21:07:33,475 [INFO] Main oxidizer valve open at 1761595653.47
2025-10-27 21:07:33,475 [INFO] Main valves opened safely within: 0.00
2025-10-27 21:07:33,480 [INFO] Igniter ON
2025-10-27 21:07:33,484 [INFO] IGNITION SUCCESSFUL: LIFTOFF!
2025-10-27 21:07:33,484 [INFO] LOT RAKIETY
